Archive member included to satisfy reference by file (symbol)

/opt/devkitpro/libnds/lib/libnds9.a(sprite_alloc.o)
                              Sprite.o (oamAllocateGfx)
/opt/devkitpro/libnds/lib/libnds9.a(console.o)
                              main.o (consoleSelect)
/opt/devkitpro/libnds/lib/libnds9.a(sprite.o)
                              main.o (oamInit)
/opt/devkitpro/libnds/lib/libnds9.a(initSystem.o)
                              /opt/devkitpro/devkitARM/bin/../lib/gcc/arm-none-eabi/9.1.0/../../../../arm-none-eabi/lib/thumb/ds_arm9_crt0.o (initSystem)
/opt/devkitpro/libnds/lib/libnds9.a(timeSupport.o)
                              /opt/devkitpro/libnds/lib/libnds9.a(initSystem.o) (__libnds_gtod)
/opt/devkitpro/libnds/lib/libnds9.a(securearea.o)
                              /opt/devkitpro/devkitARM/bin/../lib/gcc/arm-none-eabi/9.1.0/../../../../arm-none-eabi/lib/thumb/ds_arm9_crt0.o (__secure_area__)
/opt/devkitpro/libnds/lib/libnds9.a(interrupts.o)
                              /opt/devkitpro/libnds/lib/libnds9.a(initSystem.o) (irqInit)
/opt/devkitpro/libnds/lib/libnds9.a(libnds_exit.arm.o)
                              /opt/devkitpro/devkitARM/bin/../lib/gcc/arm-none-eabi/9.1.0/../../../../arm-none-eabi/lib/thumb/ds_arm9_crt0.o (__libnds_exit)
/opt/devkitpro/libnds/lib/libnds9.a(fifosystem.o)
                              /opt/devkitpro/libnds/lib/libnds9.a(initSystem.o) (fifoSetValue32Handler)
/opt/devkitpro/libnds/lib/libnds9.a(dcache.o)
                              /opt/devkitpro/libnds/lib/libnds9.a(sprite.o) (DC_FlushRange)
/opt/devkitpro/libnds/lib/libnds9.a(mpu_setup.o)
                              /opt/devkitpro/devkitARM/bin/../lib/gcc/arm-none-eabi/9.1.0/../../../../arm-none-eabi/lib/thumb/ds_arm9_crt0.o (__libnds_mpu_setup)
/opt/devkitpro/libnds/lib/libnds9.a(IntrWait.o)
                              main.o (swiWaitForVBlank)
/opt/devkitpro/libnds/lib/libnds9.a(cpu_clock.o)
                              /opt/devkitpro/libnds/lib/libnds9.a(initSystem.o) (setCpuClock)
/opt/devkitpro/libnds/lib/libnds9.a(interruptDispatcher.o)
                              /opt/devkitpro/libnds/lib/libnds9.a(interrupts.o) (IntrMain)
/opt/devkitpro/libnds/lib/libnds9.a(debugprint.o)
                              /opt/devkitpro/libnds/lib/libnds9.a(console.o) (nocashWrite)
/opt/devkitpro/libnds/lib/libnds9.a(swiSoftReset.o)
                              /opt/devkitpro/libnds/lib/libnds9.a(fifosystem.o) (swiSoftReset)
/opt/devkitpro/libnds/lib/libnds9.a(default_font.bin.o)
                              /opt/devkitpro/libnds/lib/libnds9.a(console.o) (default_font_bin)
/opt/devkitpro/libnds/lib/libnds9.a(background.o)
                              /opt/devkitpro/libnds/lib/libnds9.a(console.o) (bgState)
/opt/devkitpro/libnds/lib/libnds9.a(video.o)
                              /opt/devkitpro/libnds/lib/libnds9.a(initSystem.o) (vramDefault)
/opt/devkitpro/libnds/lib/libnds9.a(system.o)
                              /opt/devkitpro/libnds/lib/libnds9.a(initSystem.o) (systemValueHandler)
/opt/devkitpro/libnds/lib/libnds9.a(trig.o)
                              /opt/devkitpro/libnds/lib/libnds9.a(sprite.o) (sinLerp)
/opt/devkitpro/libnds/lib/libnds9.a(biosCalls.o)
                              /opt/devkitpro/libnds/lib/libnds9.a(system.o) (swiDelay)
/opt/devkitpro/devkitARM/bin/../lib/gcc/arm-none-eabi/9.1.0/../../../../arm-none-eabi/lib/thumb/libstdc++.a(del_op.o)
                              Scene.o (operator delete(void*))
/opt/devkitpro/devkitARM/bin/../lib/gcc/arm-none-eabi/9.1.0/../../../../arm-none-eabi/lib/thumb/libstdc++.a(new_op.o)
                              Scene.o (operator new(unsigned int))
/opt/devkitpro/devkitARM/bin/../lib/gcc/arm-none-eabi/9.1.0/../../../../arm-none-eabi/lib/thumb/libstdc++.a(functexcept.o)
                              Scene.o (std::__throw_length_error(char const*))
/opt/devkitpro/devkitARM/bin/../lib/gcc/arm-none-eabi/9.1.0/../../../../arm-none-eabi/lib/thumb/libstdc++.a(snprintf_lite.o)
                              /opt/devkitpro/devkitARM/bin/../lib/gcc/arm-none-eabi/9.1.0/../../../../arm-none-eabi/lib/thumb/libstdc++.a(functexcept.o) (__gnu_cxx::__snprintf_lite(char*, unsigned int, char const*, std::__va_list))
/opt/devkitpro/devkitARM/bin/../lib/gcc/arm-none-eabi/9.1.0/../../../../arm-none-eabi/lib/thumb/libstdc++.a(bad_alloc.o)
                              /opt/devkitpro/devkitARM/bin/../lib/gcc/arm-none-eabi/9.1.0/../../../../arm-none-eabi/lib/thumb/libstdc++.a(new_op.o) (std::bad_alloc::~bad_alloc())
/opt/devkitpro/devkitARM/bin/../lib/gcc/arm-none-eabi/9.1.0/../../../../arm-none-eabi/lib/thumb/libstdc++.a(bad_cast.o)
                              /opt/devkitpro/devkitARM/bin/../lib/gcc/arm-none-eabi/9.1.0/../../../../arm-none-eabi/lib/thumb/libstdc++.a(functexcept.o) (std::bad_cast::~bad_cast())
/opt/devkitpro/devkitARM/bin/../lib/gcc/arm-none-eabi/9.1.0/../../../../arm-none-eabi/lib/thumb/libstdc++.a(bad_typeid.o)
[...]
Memory Configuration

Name             Origin             Length             Attributes
ewram            0x0000000002000000 0x0000000000380000
dtcm             0x000000000b000000 0x0000000000004000
vectors          0x0000000001000000 0x0000000000000100
itcm             0x0000000001000100 0x0000000000007f00
*default*        0x0000000000000000 0xffffffffffffffff

Linker script and memory map

                0x0000000002380000                __ewram_end = (ORIGIN (ewram) + LENGTH (ewram))
                0x0000000002380000                __eheap_end = (ORIGIN (ewram) + LENGTH (ewram))
                0x000000000b004000                __dtcm_top = (ORIGIN (dtcm) + LENGTH (dtcm))
                0x000000000b003ff8                __irq_flags = (__dtcm_top - 0x8)
                0x000000000b003ffc                __irq_vector = (__dtcm_top - 0x4)
                0x000000000b003f00                __sp_svc = (__dtcm_top - 0x100)
                0x000000000b003e00                __sp_irq = (__sp_svc - 0x100)
                0x000000000b003d00                __sp_usr = (__sp_irq - 0x100)

.secure         0x0000000002000000      0x800
 *(.secure)
 .secure        0x0000000002000000      0x800 /opt/devkitpro/libnds/lib/libnds9.a(securearea.o)
                0x0000000002000000                __secure_area__

.crt0           0x0000000002000800      0x300
                0x0000000002000800                __text_start = .
 *(.crt0)
 .crt0          0x0000000002000800      0x300 /opt/devkitpro/devkitARM/bin/../lib/gcc/arm-none-eabi/9.1.0/../../../../arm-none-eabi/lib/thumb/ds_arm9_crt0.o
                0x0000000002000800                _start
                0x0000000002000b00                . = ALIGN (0x4)

.plt
 *(.plt)

.init           0x0000000002000b00        0xc
 *(SORT_NONE(.init))
 .init          0x0000000002000b00        0x4 /opt/devkitpro/devkitARM/bin/../lib/gcc/arm-none-eabi/9.1.0/thumb/crti.o
                0x0000000002000b00                _init
 .init          0x0000000002000b04        0x8 /opt/devkitpro/devkitARM/bin/../lib/gcc/arm-none-eabi/9.1.0/thumb/crtn.o

.text           0x0000000002000b10     0xbfa8
 *(EXCLUDE_FILE(*.twl* *.vectors* *.itcm*) .text)
 .text          0x0000000002000b10      0x234 Scene.o
                0x0000000002000b10                Scene::update(int)
                0x0000000002000ba4                Scene::Scene(int, int)
                0x0000000002000ba4                Scene::Scene(int, int)
                0x0000000002000bbc                Scene::removeChild(__gnu_cxx::__normal_iterator<Sprite* const*, std::vector<Sprite*, std::allocator<Sprite*> > >)
                0x0000000002000bec                Scene::removeChild(int)
                0x0000000002000bfc                Scene::removeChild(Sprite*)
                0x0000000002000c74                Scene::addChild(Sprite*)
                0x0000000002000c9c                Scene::initialize()
 .text          0x0000000002000d44      0x110 Sprite.o
                0x0000000002000d44                Sprite::draw(int)
                0x0000000002000da4                non-virtual thunk to Sprite::draw(int)
                0x0000000002000db4                Sprite::Sprite()
                0x0000000002000db4                Sprite::Sprite()
                0x0000000002000df0                Sprite::Sprite(Vec2 const&, unsigned char*)
                0x0000000002000df0                Sprite::Sprite(Vec2 const&, unsigned char*)
                0x0000000002000e38                Sprite::Sprite(Vec2 const&, unsigned char*, Animation const&)
                0x0000000002000e38                Sprite::Sprite(Vec2 const&, unsigned char*, Animation const&)
 .text          0x0000000002000e54      0x11c /opt/devkitpro/devkitARM/bin/../lib/gcc/arm-none-eabi/9.1.0/thumb/libgcc.a(_udivsi3.o)
                0x0000000002000e54                __udivsi3
                0x0000000002000e54                __aeabi_uidiv
                0x0000000002000f50                __aeabi_uidivmod
 .text          0x0000000002000f70      0x150 /opt/devkitpro/devkitARM/bin/../lib/gcc/arm-none-eabi/9.1.0/thumb/libgcc.a(_divsi3.o)
                0x0000000002000f70                __aeabi_idiv
                0x0000000002000f70                __divsi3
                0x00000000020010a0                __aeabi_idivmod
 .text          0x00000000020010c0        0x4 /opt/devkitpro/devkitARM/bin/../lib/gcc/arm-none-eabi/9.1.0/thumb/libgcc.a(_dvmd_tls.o)
                0x00000000020010c0                __aeabi_ldiv0
                0x00000000020010c0                __aeabi_idiv0
 .text          0x00000000020010c4      0x1d8 /opt/devkitpro/devkitARM/bin/../lib/gcc/arm-none-eabi/9.1.0/thumb/libgcc.a(libunwind.o)
                0x00000000020010c4                __restore_core_regs
                0x00000000020010c4                restore_core_regs
                0x00000000020010e0                __gnu_Unwind_Restore_VFP
                0x00000000020010e8                __gnu_Unwind_Save_VFP
                0x00000000020010f0                __gnu_Unwind_Restore_VFP_D
                0x00000000020010f8                __gnu_Unwind_Save_VFP_D
                0x0000000002001100                __gnu_Unwind_Restore_VFP_D_16_to_31
                0x0000000002001108                __gnu_Unwind_Save_VFP_D_16_to_31
                0x0000000002001110                __gnu_Unwind_Restore_WMMXD
                0x0000000002001154                __gnu_Unwind_Save_WMMXD
                0x0000000002001198                __gnu_Unwind_Restore_WMMXC
                0x00000000020011ac                __gnu_Unwind_Save_WMMXC
                0x00000000020011c0                _Unwind_RaiseException
                0x00000000020011c0                ___Unwind_RaiseException
                0x00000000020011ec                ___Unwind_Resume
                0x00000000020011ec                _Unwind_Resume
                0x0000000002001218                ___Unwind_Resume_or_Rethrow
                0x0000000002001218                _Unwind_Resume_or_Rethrow
                0x0000000002001244                _Unwind_ForcedUnwind
                0x0000000002001244                ___Unwind_ForcedUnwind
                0x0000000002001270                _Unwind_Backtrace
                0x0000000002001270                ___Unwind_Backtrace
 .text          0x000000000200129c      0x224 /opt/devkitpro/devkitARM/bin/../lib/gcc/arm-none-eabi/9.1.0/../../../../arm-none-eabi/lib/thumb/libg.a(lib_a-strcmp.o)
                0x000000000200129c                strcmp
 .text          0x00000000020014c0       0x14 /opt/devkitpro/devkitARM/bin/../lib/gcc/arm-none-eabi/9.1.0/thumb/libgcc.a(_thumb1_case_uqi.o)
                0x00000000020014c0                __gnu_thumb1_case_uqi
 .text          0x00000000020014d4       0x14 /opt/devkitpro/devkitARM/bin/../lib/gcc/arm-none-eabi/9.1.0/thumb/libgcc.a(_thumb1_case_uhi.o)
                0x00000000020014d4                __gnu_thumb1_case_uhi
 .text          0x00000000020014e8       0x3c /opt/devkitpro/devkitARM/bin/../lib/gcc/arm-none-eabi/9.1.0/thumb/libgcc.a(_aeabi_uldivmod.o)
                0x00000000020014e8                __aeabi_uldivmod
 .text          0x0000000002001524       0x28 /opt/devkitpro/devkitARM/bin/../lib/gcc/arm-none-eabi/9.1.0/thumb/libgcc.a(_clzdi2.o)
                0x0000000002001524                __clzdi2
 .text          0x000000000200154c       0x48 /opt/devkitpro/devkitARM/bin/../lib/gcc/arm-none-eabi/9.1.0/thumb/libgcc.a(_clzsi2.o)
                0x000000000200154c                __clzsi2
 *(EXCLUDE_FILE(*.twl* *.vectors* *.itcm*) .stub)
 *(EXCLUDE_FILE(*.twl* *.vectors* *.itcm*) .text.*)
 .text.deregister_tm_clones
                0x0000000002001594       0x2c /opt/devkitpro/devkitARM/bin/../lib/gcc/arm-none-eabi/9.1.0/thumb/crtbegin.o
 .text.register_tm_clones
                0x00000000020015c0       0x34 /opt/devkitpro/devkitARM/bin/../lib/gcc/arm-none-eabi/9.1.0/thumb/crtbegin.o
 .text.__do_global_dtors_aux
                0x00000000020015f4       0x30 /opt/devkitpro/devkitARM/bin/../lib/gcc/arm-none-eabi/9.1.0/thumb/crtbegin.o
 .text.frame_dummy
                0x0000000002001624       0x28 /opt/devkitpro/devkitARM/bin/../lib/gcc/arm-none-eabi/9.1.0/thumb/crtbegin.o
 .text._ZN6Player6updateEi
                0x000000000200164c        0x4 Scene.o
                0x000000000200164c                Player::update(int)
 .text._ZNSt6vectorIP6SpriteSaIS1_EE17_M_realloc_insertIJRKS1_EEEvN9__gnu_cxx17__normal_iteratorIPS1_S3_EEDpOT_
                0x0000000002001650       0xd8 Scene.o
                0x0000000002001650                void std::vector<Sprite*, std::allocator<Sprite*> >::_M_realloc_insert<Sprite* const&>(__gnu_cxx::__normal_iterator<Sprite**, std::vector<Sprite*, std::allocator<Sprite*> > >, Sprite* const&)
 .text._ZN6Sprite6updateEi
                0x0000000002001728        0x4 Sprite.o
                0x0000000002001728                Sprite::update(int)
 .text.startup  0x000000000200172c       0xfc main.o
                0x000000000200172c                main
 .text.getAllocHeader
                0x0000000002001828       0x28 /opt/devkitpro/libnds/lib/libnds9.a(sprite_alloc.o)
 .text.oamAllocReset
                0x0000000002001850       0x1c /opt/devkitpro/libnds/lib/libnds9.a(sprite_alloc.o)
                0x0000000002001850                oamAllocReset
 .text.oamAllocateGfx
                0x000000000200186c      0x224 /opt/devkitpro/libnds/lib/libnds9.a(sprite_alloc.o)
                0x000000000200186c                oamAllocateGfx
 .text.newRow   0x0000000002001a90       0xb4 /opt/devkitpro/libnds/lib/libnds9.a(console.o)
 .text.consoleSelect
                0x0000000002001b44       0x10 /opt/devkitpro/libnds/lib/libnds9.a(console.o)
                0x0000000002001b44                consoleSelect
 .text.consolePrintChar
                0x0000000002001b54       0xec /opt/devkitpro/libnds/lib/libnds9.a(console.o)
                0x0000000002001b54                consolePrintChar
 .text.consoleCls
                0x0000000002001c40       0xe0 /opt/devkitpro/libnds/lib/libnds9.a(console.o)
 .text.consoleLoadFont
                0x0000000002001d20      0x280 /opt/devkitpro/libnds/lib/libnds9.a(console.o)
                0x0000000002001d20                consoleLoadFont
 .text.consoleInit
                0x0000000002001fa0      0x15c /opt/devkitpro/libnds/lib/libnds9.a(console.o)
                0x0000000002001fa0                consoleInit
 .text.con_write
                0x00000000020020fc      0x27c /opt/devkitpro/libnds/lib/libnds9.a(console.o)
                0x00000000020020fc                con_write
 .text.oamInit  0x0000000002002378      0x11c /opt/devkitpro/libnds/lib/libnds9.a(sprite.o)
                0x0000000002002378                oamInit
 .text.oamGetGfxPtr
                0x0000000002002494       0x38 /opt/devkitpro/libnds/lib/libnds9.a(sprite.o)
                0x0000000002002494                oamGetGfxPtr
 .text.oamGfxPtrToOffset
                0x00000000020024cc       0x34 /opt/devkitpro/libnds/lib/libnds9.a(sprite.o)
                0x00000000020024cc                oamGfxPtrToOffset
 .text.oamSet   0x0000000002002500      0x148 /opt/devkitpro/libnds/lib/libnds9.a(sprite.o)
                0x0000000002002500                oamSet
 .text.oamUpdate
                0x0000000002002648       0x60 /opt/devkitpro/libnds/lib/libnds9.a(sprite.o)
                0x0000000002002648                oamUpdate
 .text.initSystem
                0x00000000020026a8      0x198 /opt/devkitpro/libnds/lib/libnds9.a(initSystem.o)
                0x00000000020026a8                initSystem
 .text.__libnds_gtod
                0x0000000002002840       0x28 /opt/devkitpro/libnds/lib/libnds9.a(timeSupport.o)
                0x0000000002002840                __libnds_gtod
 .text.irqDummy
                0x0000000002002868        0x4 /opt/devkitpro/libnds/lib/libnds9.a(interrupts.o)
                0x0000000002002868                irqDummy
 .text.irqSet   0x000000000200286c       0x6c /opt/devkitpro/libnds/lib/libnds9.a(interrupts.o)
                0x000000000200286c                irqSet
 .text.irqInit  0x00000000020028d8       0x50 /opt/devkitpro/libnds/lib/libnds9.a(interrupts.o)
                0x00000000020028d8                irqInit
 .text.irqEnable
                0x0000000002002928       0x64 /opt/devkitpro/libnds/lib/libnds9.a(interrupts.o)
                0x0000000002002928                irqEnable
 .text.systemErrorExit
                0x000000000200298c        0x4 /opt/devkitpro/libnds/lib/libnds9.a(libnds_exit.arm.o)
                0x000000000200298c                systemErrorExit
 .text.__libnds_exit
                0x0000000002002990       0x5c /opt/devkitpro/libnds/lib/libnds9.a(libnds_exit.arm.o)
                0x0000000002002990                __libnds_exit
 .text.fifo_waitBlock
                0x00000000020029ec       0x80 /opt/devkitpro/libnds/lib/libnds9.a(fifosystem.o)
 .text.fifo_queueBlock
                0x0000000002002a6c       0x40 /opt/devkitpro/libnds/lib/libnds9.a(fifosystem.o)
 .text.fifoInternalSendInterrupt
                0x0000000002002aac       0xac /opt/devkitpro/libnds/lib/libnds9.a(fifosystem.o)
 .text.fifoInternalSend.part.2
                0x0000000002002b58       0xd4 /opt/devkitpro/libnds/lib/libnds9.a(fifosystem.o)
 .text.fifoGetValue32.part.3
                0x0000000002002c2c       0x74 /opt/devkitpro/libnds/lib/libnds9.a(fifosystem.o)
 .text.fifoSetValue32Handler
                0x0000000002002ca0       0x78 /opt/devkitpro/libnds/lib/libnds9.a(fifosystem.o)
                0x0000000002002ca0                fifoSetValue32Handler
 .text.fifoSendValue32
                0x0000000002002d18       0x4c /opt/devkitpro/libnds/lib/libnds9.a(fifosystem.o)
                0x0000000002002d18                fifoSendValue32
 .text.fifoGetDatamsg
                0x0000000002002d64      0x138 /opt/devkitpro/libnds/lib/libnds9.a(fifosystem.o)
                0x0000000002002d64                fifoGetDatamsg
 .text.fifoInternalRecvInterrupt
                0x0000000002002e9c      0x3dc /opt/devkitpro/libnds/lib/libnds9.a(fifosystem.o)
 .text.fifoSetDatamsgHandler
                0x0000000002003278       0x9c /opt/devkitpro/libnds/lib/libnds9.a(fifosystem.o)
                0x0000000002003278                fifoSetDatamsgHandler
 .text.fifoInit
                0x0000000002003314      0x104 /opt/devkitpro/libnds/lib/libnds9.a(fifosystem.o)
                0x0000000002003314                fifoInit
 .text.DC_FlushRange
                0x0000000002003418       0x24 /opt/devkitpro/libnds/lib/libnds9.a(dcache.o)
                0x0000000002003418                DC_FlushRange
 .text.__libnds_mpu_setup
                0x000000000200343c      0x174 /opt/devkitpro/libnds/lib/libnds9.a(mpu_setup.o)
                0x000000000200343c                __libnds_mpu_setup
 .text.memUncached
                0x00000000020035b0       0x20 /opt/devkitpro/libnds/lib/libnds9.a(mpu_setup.o)
                0x00000000020035b0                memUncached
 .text.swiWaitForVBlank
                0x00000000020035d0        0x8 /opt/devkitpro/libnds/lib/libnds9.a(IntrWait.o)
                0x00000000020035d0                swiWaitForVBlank
 .text.swiIntrWait
                0x00000000020035d8       0x70 /opt/devkitpro/libnds/lib/libnds9.a(IntrWait.o)
                0x00000000020035d8                swiIntrWait
 .text.setCpuClock
                0x0000000002003648       0x50 /opt/devkitpro/libnds/lib/libnds9.a(cpu_clock.o)
                0x0000000002003648                setCpuClock
 .text.swiSoftReset
                0x0000000002003698       0x2c /opt/devkitpro/libnds/lib/libnds9.a(swiSoftReset.o)
                0x0000000002003698                swiSoftReset
 .text.checkIfText.part.0
                0x00000000020036c4       0x40 /opt/devkitpro/libnds/lib/libnds9.a(background.o)
 .text.bgUpdate
                0x0000000002003704      0x104 /opt/devkitpro/libnds/lib/libnds9.a(background.o)
                0x0000000002003704                bgUpdate
 .text.bgInit_call
                0x0000000002003808      0x110 /opt/devkitpro/libnds/lib/libnds9.a(background.o)
                0x0000000002003808                bgInit_call
 .text.bgInitSub_call
                0x0000000002003918       0xf4 /opt/devkitpro/libnds/lib/libnds9.a(background.o)
                0x0000000002003918                bgInitSub_call
 .text.vramDefault
                0x0000000002003a0c       0xd0 /opt/devkitpro/libnds/lib/libnds9.a(video.o)
                0x0000000002003a0c                vramDefault
 .text.systemValueHandler
                0x0000000002003adc       0x48 /opt/devkitpro/libnds/lib/libnds9.a(system.o)
                0x0000000002003adc                systemValueHandler
 .text.systemMsgHandler
                0x0000000002003b24       0x5c /opt/devkitpro/libnds/lib/libnds9.a(system.o)
                0x0000000002003b24                systemMsgHandler
 .text.powerOn  0x0000000002003b80       0x2c /opt/devkitpro/libnds/lib/libnds9.a(system.o)
                0x0000000002003b80                powerOn
 .text.sinLutLookup
                0x0000000002003bac       0x3c /opt/devkitpro/libnds/lib/libnds9.a(trig.o)
                0x0000000002003bac                sinLutLookup
 .text.sinLerp  0x0000000002003be8       0x44 /opt/devkitpro/libnds/lib/libnds9.a(trig.o)
                0x0000000002003be8                sinLerp
 .text.cosLerp  0x0000000002003c2c       0x14 /opt/devkitpro/libnds/lib/libnds9.a(trig.o)
                0x0000000002003c2c                cosLerp
 .text.swiDelay
                0x0000000002003c40        0x4 /opt/devkitpro/libnds/lib/libnds9.a(biosCalls.o)
                0x0000000002003c40                swiDelay
 .text._ZdlPv   0x0000000002003c44        0xc /opt/devkitpro/devkitARM/bin/../lib/gcc/arm-none-eabi/9.1.0/../../../../arm-none-eabi/lib/thumb/libstdc++.a(del_op.o)
                0x0000000002003c44                operator delete(void*)
 .text._Znwj    0x0000000002003c50       0x48 /opt/devkitpro/devkitARM/bin/../lib/gcc/arm-none-eabi/9.1.0/../../../../arm-none-eabi/lib/thumb/libstdc++.a(new_op.o)
                0x0000000002003c50                operator new(unsigned int)
 .text.unlikely._ZSt17__throw_bad_allocv
                0x0000000002003c98       0x20 /opt/devkitpro/devkitARM/bin/../lib/gcc/arm-none-eabi/9.1.0/../../../../arm-none-eabi/lib/thumb/libstdc++.a(functexcept.o)
                0x0000000002003c98                std::__throw_bad_alloc()
 .text.unlikely._ZSt19__throw_logic_errorPKc
                0x0000000002003cb8       0x30 /opt/devkitpro/devkitARM/bin/../lib/gcc/arm-none-eabi/9.1.0/../../../../arm-none-eabi/lib/thumb/libstdc++.a(functexcept.o)
                0x0000000002003cb8                std::__throw_logic_error(char const*)
 .text.unlikely._ZSt20__throw_length_errorPKc
                0x0000000002003ce8       0x30 /opt/devkitpro/devkitARM/bin/../lib/gcc/arm-none-eabi/9.1.0/../../../../arm-none-eabi/lib/thumb/libstdc++.a(functexcept.o)
                0x0000000002003ce8                std::__throw_length_error(char const*)
 .text._ZNKSt9bad_alloc4whatEv
                0x0000000002003d18        0x8 /opt/devkitpro/devkitARM/bin/../lib/gcc/arm-none-eabi/9.1.0/../../../../arm-none-eabi/lib/thumb/libstdc++.a(bad_alloc.o)
                0x0000000002003d18                std::bad_alloc::what() const
 .text._ZNSt9bad_allocD2Ev
                0x0000000002003d20       0x1c /opt/devkitpro/devkitARM/bin/../lib/gcc/arm-none-eabi/9.1.0/../../../../arm-none-eabi/lib/thumb/libstdc++.a(bad_alloc.o)
                0x0000000002003d20                std::bad_alloc::~bad_alloc()
                0x0000000002003d20                std::bad_alloc::~bad_alloc()
 .text._ZNSt9bad_allocD0Ev
                0x0000000002003d3c       0x24 /opt/devkitpro/devkitARM/bin/../lib/gcc/arm-none-eabi/9.1.0/../../../../arm-none-eabi/lib/thumb/libstdc++.a(bad_alloc.o)
                0x0000000002003d3c                std::bad_alloc::~bad_alloc()
 .text._ZdlPvj  0x0000000002003d60        0xc /opt/devkitpro/devkitARM/bin/../lib/gcc/arm-none-eabi/9.1.0/../../../../arm-none-eabi/lib/thumb/libstdc++.a(del_ops.o)
                0x0000000002003d60                operator delete(void*, unsigned int)
 .text._ZN12_GLOBAL__N_14pool4freeEPv.constprop.0
                0x0000000002003d6c       0x80 /opt/devkitpro/devkitARM/bin/../lib/gcc/arm-none-eabi/9.1.0/../../../../arm-none-eabi/lib/thumb/libstdc++.a(eh_alloc.o)
 .text._ZN12_GLOBAL__N_14pool8allocateEj.constprop.0
                0x0000000002003dec       0x54 /opt/devkitpro/devkitARM/bin/../lib/gcc/arm-none-eabi/9.1.0/../../../../arm-none-eabi/lib/thumb/libstdc++.a(eh_alloc.o)
 .text.__cxa_allocate_exception
                0x0000000002003e40       0x30 /opt/devkitpro/devkitARM/bin/../lib/gcc/arm-none-eabi/9.1.0/../../../../arm-none-eabi/lib/thumb/libstdc++.a(eh_alloc.o)
                0x0000000002003e40                __cxa_allocate_exception
 .text.__cxa_free_exception
                0x0000000002003e70       0x28 /opt/devkitpro/devkitARM/bin/../lib/gcc/arm-none-eabi/9.1.0/../../../../arm-none-eabi/lib/thumb/libstdc++.a(eh_alloc.o)
                0x0000000002003e70                __cxa_free_exception
 .text.startup._GLOBAL__sub_I__ZN9__gnu_cxx9__freeresEv
                0x0000000002003e98       0x30 /opt/devkitpro/devkitARM/bin/../lib/gcc/arm-none-eabi/9.1.0/../../../../arm-none-eabi/lib/thumb/libstdc++.a(eh_alloc.o)
 .text.__cxa_end_cleanup
                0x0000000002003ec8        0xc /opt/devkitpro/devkitARM/bin/../lib/gcc/arm-none-eabi/9.1.0/../../../../arm-none-eabi/lib/thumb/libstdc++.a(eh_arm.o)
                0x0000000002003ec8                __cxa_end_cleanup
 .text.__cxa_type_match
                0x0000000002003ed4       0xe0 /opt/devkitpro/devkitARM/bin/../lib/gcc/arm-none-eabi/9.1.0/../../../../arm-none-eabi/lib/thumb/libstdc++.a(eh_arm.o)
                0x0000000002003ed4                __cxa_type_match
 .text.__cxa_begin_cleanup
                0x0000000002003fb4       0x64 /opt/devkitpro/devkitARM/bin/../lib/gcc/arm-none-eabi/9.1.0/../../../../arm-none-eabi/lib/thumb/libstdc++.a(eh_arm.o)
                0x0000000002003fb4                __cxa_begin_cleanup
 .text.__gnu_end_cleanup
                0x0000000002004018       0x74 /opt/devkitpro/devkitARM/bin/../lib/gcc/arm-none-eabi/9.1.0/../../../../arm-none-eabi/lib/thumb/libstdc++.a(eh_arm.o)
                0x0000000002004018                __gnu_end_cleanup
 .text._ZNSt9exceptionD2Ev
                0x000000000200408c        0x4 /opt/devkitpro/devkitARM/bin/../lib/gcc/arm-none-eabi/9.1.0/../../../../arm-none-eabi/lib/thumb/libstdc++.a(eh_exception.o)
                0x000000000200408c                std::exception::~exception()
                0x000000000200408c                std::exception::~exception()
 .text._ZNSt13bad_exceptionD2Ev
                0x0000000002004090        0x4 /opt/devkitpro/devkitARM/bin/../lib/gcc/arm-none-eabi/9.1.0/../../../../arm-none-eabi/lib/thumb/libstdc++.a(eh_exception.o)
                0x0000000002004090                std::bad_exception::~bad_exception()
                0x0000000002004090                std::bad_exception::~bad_exception()
 .text._ZNKSt13bad_exception4whatEv
                0x0000000002004094        0x8 /opt/devkitpro/devkitARM/bin/../lib/gcc/arm-none-eabi/9.1.0/../../../../arm-none-eabi/lib/thumb/libstdc++.a(eh_exception.o)
                0x0000000002004094                transaction clone for std::bad_exception::what() const
                0x0000000002004094                std::bad_exception::what() const
 .text._ZNSt13bad_exceptionD0Ev
                0x000000000200409c       0x14 /opt/devkitpro/devkitARM/bin/../lib/gcc/arm-none-eabi/9.1.0/../../../../arm-none-eabi/lib/thumb/libstdc++.a(eh_exception.o)
                0x000000000200409c                std::bad_exception::~bad_exception()
 .text.__cxa_get_globals_fast
                0x00000000020040b0        0x8 /opt/devkitpro/devkitARM/bin/../lib/gcc/arm-none-eabi/9.1.0/../../../../arm-none-eabi/lib/thumb/libstdc++.a(eh_globals.o)
                0x00000000020040b0                __cxa_get_globals_fast
 .text.__cxa_get_globals
                0x00000000020040b8        0x8 /opt/devkitpro/devkitARM/bin/../lib/gcc/arm-none-eabi/9.1.0/../../../../arm-none-eabi/lib/thumb/libstdc++.a(eh_globals.o)
                0x00000000020040b8                __cxa_get_globals
 .text._ZL28read_encoded_value_with_basehjPKhPj
                0x00000000020040c0      0x114 /opt/devkitpro/devkitARM/bin/../lib/gcc/arm-none-eabi/9.1.0/../../../../arm-none-eabi/lib/thumb/libstdc++.a(eh_personality.o)
 .text._ZL21base_of_encoded_valuehP15_Unwind_Context
                0x00000000020041d4       0x4c /opt/devkitpro/devkitARM/bin/../lib/gcc/arm-none-eabi/9.1.0/../../../../arm-none-eabi/lib/thumb/libstdc++.a(eh_personality.o)
 .text._ZL17parse_lsda_headerP15_Unwind_ContextPKhP16lsda_header_info
                0x0000000002004220       0x98 /opt/devkitpro/devkitARM/bin/../lib/gcc/arm-none-eabi/9.1.0/../../../../arm-none-eabi/lib/thumb/libstdc++.a(eh_personality.o)
 .text.__gxx_personality_v0
                0x00000000020042b8      0x494 /opt/devkitpro/devkitARM/bin/../lib/gcc/arm-none-eabi/9.1.0/../../../../arm-none-eabi/lib/thumb/libstdc++.a(eh_personality.o)
                0x00000000020042b8                __gxx_personality_v0
 .text._ZN10__cxxabiv111__terminateEPFvvE
                0x000000000200474c       0x2c /opt/devkitpro/devkitARM/bin/../lib/gcc/arm-none-eabi/9.1.0/../../../../arm-none-eabi/lib/thumb/libstdc++.a(eh_terminate.o)
                0x000000000200474c                __cxxabiv1::__terminate(void (*)())
 .text._ZSt9terminatev
                0x0000000002004778       0x10 /opt/devkitpro/devkitARM/bin/../lib/gcc/arm-none-eabi/9.1.0/../../../../arm-none-eabi/lib/thumb/libstdc++.a(eh_terminate.o)
                0x0000000002004778                std::terminate()
 .text._ZN10__cxxabiv112__unexpectedEPFvvE
                0x0000000002004788        0xc /opt/devkitpro/devkitARM/bin/../lib/gcc/arm-none-eabi/9.1.0/../../../../arm-none-eabi/lib/thumb/libstdc++.a(eh_terminate.o)
                0x0000000002004788                __cxxabiv1::__unexpected(void (*)())
 .text._ZSt10unexpectedv
                0x0000000002004794       0x10 /opt/devkitpro/devkitARM/bin/../lib/gcc/arm-none-eabi/9.1.0/../../../../arm-none-eabi/lib/thumb/libstdc++.a(eh_terminate.o)
                0x0000000002004794                std::unexpected()
 .text._ZSt13get_terminatev
                0x00000000020047a4        0xc /opt/devkitpro/devkitARM/bin/../lib/gcc/arm-none-eabi/9.1.0/../../../../arm-none-eabi/lib/thumb/libstdc++.a(eh_terminate.o)
                0x00000000020047a4                std::get_terminate()
 .text._ZSt14get_unexpectedv
                0x00000000020047b0        0xc /opt/devkitpro/devkitARM/bin/../lib/gcc/arm-none-eabi/9.1.0/../../../../arm-none-eabi/lib/thumb/libstdc++.a(eh_terminate.o)
                0x00000000020047b0                std::get_unexpected()
 .text._ZL23__gxx_exception_cleanup19_Unwind_Reason_CodeP21_Unwind_Control_Block
                0x00000000020047bc       0x3c /opt/devkitpro/devkitARM/bin/../lib/gcc/arm-none-eabi/9.1.0/../../../../arm-none-eabi/lib/thumb/libstdc++.a(eh_throw.o)
 .text.__cxa_init_primary_exception
                0x00000000020047f8       0x50 /opt/devkitpro/devkitARM/bin/../lib/gcc/arm-none-eabi/9.1.0/../../../../arm-none-eabi/lib/thumb/libstdc++.a(eh_throw.o)
                0x00000000020047f8                __cxa_init_primary_exception
 .text.__cxa_throw
                0x0000000002004848       0x34 /opt/devkitpro/devkitARM/bin/../lib/gcc/arm-none-eabi/9.1.0/../../../../arm-none-eabi/lib/thumb/libstdc++.a(eh_throw.o)
                0x0000000002004848                __cxa_throw
 .text.__cxa_rethrow
                0x000000000200487c       0x70 /opt/devkitpro/devkitARM/bin/../lib/gcc/arm-none-eabi/9.1.0/../../../../arm-none-eabi/lib/thumb/libstdc++.a(eh_throw.o)
                0x000000000200487c                __cxa_rethrow
 .text._ZSt15get_new_handlerv
                0x00000000020048ec        0xc /opt/devkitpro/devkitARM/bin/../lib/gcc/arm-none-eabi/9.1.0/../../../../arm-none-eabi/lib/thumb/libstdc++.a(new_handler.o)
                0x00000000020048ec                std::get_new_handler()
 .text._ZN10__cxxabiv120__si_class_type_infoD2Ev
                0x00000000020048f8       0x1c /opt/devkitpro/devkitARM/bin/../lib/gcc/arm-none-eabi/9.1.0/../../../../arm-none-eabi/lib/thumb/libstdc++.a(si_class_type_info.o)
                0x00000000020048f8                __cxxabiv1::__si_class_type_info::~__si_class_type_info()
                0x00000000020048f8                __cxxabiv1::__si_class_type_info::~__si_class_type_info()
 .text._ZN10__cxxabiv120__si_class_type_infoD0Ev
                0x0000000002004914       0x24 /opt/devkitpro/devkitARM/bin/../lib/gcc/arm-none-eabi/9.1.0/../../../../arm-none-eabi/lib/thumb/libstdc++.a(si_class_type_info.o)
                0x0000000002004914                __cxxabiv1::__si_class_type_info::~__si_class_type_info()
 .text._ZNK10__cxxabiv120__si_class_type_info20__do_find_public_srcEiPKvPKNS_17__class_type_infoES2_
                0x0000000002004938       0x40 /opt/devkitpro/devkitARM/bin/../lib/gcc/arm-none-eabi/9.1.0/../../../../arm-none-eabi/lib/thumb/libstdc++.a(si_class_type_info.o)
                0x0000000002004938                __cxxabiv1::__si_class_type_info::__do_find_public_src(int, void const*, __cxxabiv1::__class_type_info const*, void const*) const
 .text._ZNK10__cxxabiv120__si_class_type_info12__do_dyncastEiNS_17__class_type_info10__sub_kindEPKS1_PKvS4_S6_RNS1_16__dyncast_resultE
                0x0000000002004978       0xa4 /opt/devkitpro/devkitARM/bin/../lib/gcc/arm-none-eabi/9.1.0/../../../../arm-none-eabi/lib/thumb/libstdc++.a(si_class_type_info.o)
                0x0000000002004978                __cxxabiv1::__si_class_type_info::__do_dyncast(int, __cxxabiv1::__class_type_info::__sub_kind, __cxxabiv1::__class_type_info const*, void const*, __cxxabiv1::__class_type_info const*, void const*, __cxxabiv1::__class_type_info::__dyncast_result&) const
 .text._ZNK10__cxxabiv120__si_class_type_info11__do_upcastEPKNS_17__class_type_infoEPKvRNS1_15__upcast_resultE
                0x0000000002004a1c       0x2c /opt/devkitpro/devkitARM/bin/../lib/gcc/arm-none-eabi/9.1.0/../../../../arm-none-eabi/lib/thumb/libstdc++.a(si_class_type_info.o)
                0x0000000002004a1c                __cxxabiv1::__si_class_type_info::__do_upcast(__cxxabiv1::__class_type_info const*, void const*, __cxxabiv1::__class_type_info::__upcast_result&) const
 .text._ZNSt9type_infoD2Ev
                0x0000000002004a48        0x4 /opt/devkitpro/devkitARM/bin/../lib/gcc/arm-none-eabi/9.1.0/../../../../arm-none-eabi/lib/thumb/libstdc++.a(tinfo.o)
                0x0000000002004a48                std::type_info::~type_info()
                0x0000000002004a48                std::type_info::~type_info()
 .text._ZNKSt9type_info14__is_pointer_pEv
                0x0000000002004a4c        0x4 /opt/devkitpro/devkitARM/bin/../lib/gcc/arm-none-eabi/9.1.0/../../../../arm-none-eabi/lib/thumb/libstdc++.a(tinfo.o)
                0x0000000002004a4c                std::type_info::__is_function_p() const
                0x0000000002004a4c                std::type_info::__is_pointer_p() const
 .text._ZNKSt9type_infoeqERKS_
                0x0000000002004a50       0x30 /opt/devkitpro/devkitARM/bin/../lib/gcc/arm-none-eabi/9.1.0/../../../../arm-none-eabi/lib/thumb/libstdc++.a(tinfo.o)
                0x0000000002004a50                std::type_info::operator==(std::type_info const&) const
 .text._ZNKSt11logic_error4whatEv
                0x0000000002004a80        0x4 /opt/devkitpro/devkitARM/bin/../lib/gcc/arm-none-eabi/9.1.0/../../../../arm-none-eabi/lib/thumb/libstdc++.a(stdexcept.o)
                0x0000000002004a80                std::logic_error::what() const
 .text._ZNSt11logic_errorD2Ev
                0x0000000002004a84       0x44 /opt/devkitpro/devkitARM/bin/../lib/gcc/arm-none-eabi/9.1.0/../../../../arm-none-eabi/lib/thumb/libstdc++.a(stdexcept.o)
                0x0000000002004a84                std::logic_error::~logic_error()
                0x0000000002004a84                std::logic_error::~logic_error()
 .text._ZNSt11logic_errorD0Ev
                0x0000000002004ac8       0x18 /opt/devkitpro/devkitARM/bin/../lib/gcc/arm-none-eabi/9.1.0/../../../../arm-none-eabi/lib/thumb/libstdc++.a(stdexcept.o)
                0x0000000002004ac8                std::logic_error::~logic_error()
 .text._ZNSt12length_errorD2Ev
                0x0000000002004ae0       0x1c /opt/devkitpro/devkitARM/bin/../lib/gcc/arm-none-eabi/9.1.0/../../../../arm-none-eabi/lib/thumb/libstdc++.a(stdexcept.o)
                0x0000000002004ae0                std::length_error::~length_error()
                0x0000000002004ae0                std::length_error::~length_error()
 .text._ZNSt12length_errorD0Ev
                0x0000000002004afc       0x20 /opt/devkitpro/devkitARM/bin/../lib/gcc/arm-none-eabi/9.1.0/../../../../arm-none-eabi/lib/thumb/libstdc++.a(stdexcept.o)
                0x0000000002004afc                std::length_error::~length_error()
 .text._ZNSt11logic_errorC2EPKc
                0x0000000002004b1c       0x28 /opt/devkitpro/devkitARM/bin/../lib/gcc/arm-none-eabi/9.1.0/../../../../arm-none-eabi/lib/thumb/libstdc++.a(cow-stdexcept.o)
                0x0000000002004b1c                std::logic_error::logic_error(char const*)
                0x0000000002004b1c                std::logic_error::logic_error(char const*)
 .text._ZNSt12length_errorC2EPKc
                0x0000000002004b44       0x18 /opt/devkitpro/devkitARM/bin/../lib/gcc/arm-none-eabi/9.1.0/../../../../arm-none-eabi/lib/thumb/libstdc++.a(cow-stdexcept.o)
                0x0000000002004b44                std::length_error::length_error(char const*)
                0x0000000002004b44                std::length_error::length_error(char const*)
 .text._ZNSs4_Rep9_S_createEjjRKSaIcE
                0x0000000002004b5c       0x64 /opt/devkitpro/devkitARM/bin/../lib/gcc/arm-none-eabi/9.1.0/../../../../arm-none-eabi/lib/thumb/libstdc++.a(cow-string-inst.o)
                0x0000000002004b5c                std::string::_Rep::_S_create(unsigned int, unsigned int, std::allocator<char> const&)
 .text._ZNSs12_S_constructIPcEES0_T_S1_RKSaIcESt20forward_iterator_tag.part.0
                0x0000000002004bc0       0x4c /opt/devkitpro/devkitARM/bin/../lib/gcc/arm-none-eabi/9.1.0/../../../../arm-none-eabi/lib/thumb/libstdc++.a(cow-string-inst.o)
 .text._ZNSs4_Rep10_M_destroyERKSaIcE
                0x0000000002004c0c        0xc /opt/devkitpro/devkitARM/bin/../lib/gcc/arm-none-eabi/9.1.0/../../../../arm-none-eabi/lib/thumb/libstdc++.a(cow-string-inst.o)
                0x0000000002004c0c                std::string::_Rep::_M_destroy(std::allocator<char> const&)
 .text._ZNSs12_S_constructIPKcEEPcT_S3_RKSaIcESt20forward_iterator_tag
                0x0000000002004c18       0x28 /opt/devkitpro/devkitARM/bin/../lib/gcc/arm-none-eabi/9.1.0/../../../../arm-none-eabi/lib/thumb/libstdc++.a(cow-string-inst.o)
                0x0000000002004c18                char* std::string::_S_construct<char const*>(char const*, char const*, std::allocator<char> const&, std::forward_iterator_tag)
 .text._ZNSsC2EPKcRKSaIcE
                0x0000000002004c40       0x30 /opt/devkitpro/devkitARM/bin/../lib/gcc/arm-none-eabi/9.1.0/../../../../arm-none-eabi/lib/thumb/libstdc++.a(cow-string-inst.o)
                0x0000000002004c40                std::basic_string<char, std::char_traits<char>, std::allocator<char> >::basic_string(char const*, std::allocator<char> const&)
                0x0000000002004c40                std::basic_string<char, std::char_traits<char>, std::allocator<char> >::basic_string(char const*, std::allocator<char> const&)
 .text._ZNK10__cxxabiv117__class_type_info11__do_upcastEPKS0_PPv
                0x0000000002004c70       0x40 /opt/devkitpro/devkitARM/bin/../lib/gcc/arm-none-eabi/9.1.0/../../../../arm-none-eabi/lib/thumb/libstdc++.a(class_type_info.o)
                0x0000000002004c70                __cxxabiv1::__class_type_info::__do_upcast(__cxxabiv1::__class_type_info const*, void**) const
 .text._ZNK10__cxxabiv117__class_type_info20__do_find_public_srcEiPKvPKS0_S2_
                0x0000000002004cb0       0x14 /opt/devkitpro/devkitARM/bin/../lib/gcc/arm-none-eabi/9.1.0/../../../../arm-none-eabi/lib/thumb/libstdc++.a(class_type_info.o)
                0x0000000002004cb0                __cxxabiv1::__class_type_info::__do_find_public_src(int, void const*, __cxxabiv1::__class_type_info const*, void const*) const
 .text._ZN10__cxxabiv117__class_type_infoD2Ev
                0x0000000002004cc4       0x1c /opt/devkitpro/devkitARM/bin/../lib/gcc/arm-none-eabi/9.1.0/../../../../arm-none-eabi/lib/thumb/libstdc++.a(class_type_info.o)
                0x0000000002004cc4                __cxxabiv1::__class_type_info::~__class_type_info()
                0x0000000002004cc4                __cxxabiv1::__class_type_info::~__class_type_info()
 .text._ZN10__cxxabiv117__class_type_infoD0Ev
                0x0000000002004ce0       0x24 /opt/devkitpro/devkitARM/bin/../lib/gcc/arm-none-eabi/9.1.0/../../../../arm-none-eabi/lib/thumb/libstdc++.a(class_type_info.o)
                0x0000000002004ce0                __cxxabiv1::__class_type_info::~__class_type_info()
 .text._ZNK10__cxxabiv117__class_type_info12__do_dyncastEiNS0_10__sub_kindEPKS0_PKvS3_S5_RNS0_16__dyncast_resultE
                0x0000000002004d04       0x44 /opt/devkitpro/devkitARM/bin/../lib/gcc/arm-none-eabi/9.1.0/../../../../arm-none-eabi/lib/thumb/libstdc++.a(class_type_info.o)
                0x0000000002004d04                __cxxabiv1::__class_type_info::__do_dyncast(int, __cxxabiv1::__class_type_info::__sub_kind, __cxxabiv1::__class_type_info const*, void const*, __cxxabiv1::__class_type_info const*, void const*, __cxxabiv1::__class_type_info::__dyncast_result&) const
 .text._ZNK10__cxxabiv117__class_type_info11__do_upcastEPKS0_PKvRNS0_15__upcast_resultE
                0x0000000002004d48       0x20 /opt/devkitpro/devkitARM/bin/../lib/gcc/arm-none-eabi/9.1.0/../../../../arm-none-eabi/lib/thumb/libstdc++.a(class_type_info.o)
                0x0000000002004d48                __cxxabiv1::__class_type_info::__do_upcast(__cxxabiv1::__class_type_info const*, void const*, __cxxabiv1::__class_type_info::__upcast_result&) const
 .text._ZNK10__cxxabiv117__class_type_info10__do_catchEPKSt9type_infoPPvj
                0x0000000002004d68       0x2c /opt/devkitpro/devkitARM/bin/../lib/gcc/arm-none-eabi/9.1.0/../../../../arm-none-eabi/lib/thumb/libstdc++.a(class_type_info.o)
                0x0000000002004d68                __cxxabiv1::__class_type_info::__do_catch(std::type_info const*, void**, unsigned int) const
 .text._ZN10__cxxabiv1L24__is_gxx_exception_classEPc
                0x0000000002004d94       0x3c /opt/devkitpro/devkitARM/bin/../lib/gcc/arm-none-eabi/9.1.0/../../../../arm-none-eabi/lib/thumb/libstdc++.a(eh_call.o)
 .text.__cxa_call_terminate
                0x0000000002004dd0       0x20 /opt/devkitpro/devkitARM/bin/../lib/gcc/arm-none-eabi/9.1.0/../../../../arm-none-eabi/lib/thumb/libstdc++.a(eh_call.o)
                0x0000000002004dd0                __cxa_call_terminate
 .text.unlikely.__cxa_call_unexpected
                0x0000000002004df0      0x104 /opt/devkitpro/devkitARM/bin/../lib/gcc/arm-none-eabi/9.1.0/../../../../arm-none-eabi/lib/thumb/libstdc++.a(eh_call.o)
                0x0000000002004df0                __cxa_call_unexpected
 .text.__cxa_begin_catch
                0x0000000002004ef4       0x78 /opt/devkitpro/devkitARM/bin/../lib/gcc/arm-none-eabi/9.1.0/../../../../arm-none-eabi/lib/thumb/libstdc++.a(eh_catch.o)
                0x0000000002004ef4                __cxa_begin_catch
 .text.__cxa_end_catch
                0x0000000002004f6c       0x94 /opt/devkitpro/devkitARM/bin/../lib/gcc/arm-none-eabi/9.1.0/../../../../arm-none-eabi/lib/thumb/libstdc++.a(eh_catch.o)
                0x0000000002004f6c                __cxa_end_catch
 .text.selfrel_offset31
                0x0000000002005000       0x18 /opt/devkitpro/devkitARM/bin/../lib/gcc/arm-none-eabi/9.1.0/thumb/libgcc.a(unwind-arm.o)
 .text.search_EIT_table
                0x0000000002005018       0x74 /opt/devkitpro/devkitARM/bin/../lib/gcc/arm-none-eabi/9.1.0/thumb/libgcc.a(unwind-arm.o)
 .text.__gnu_unwind_get_pr_addr
                0x000000000200508c       0x2c /opt/devkitpro/devkitARM/bin/../lib/gcc/arm-none-eabi/9.1.0/thumb/libgcc.a(unwind-arm.o)
 .text.get_eit_entry
                0x00000000020050b8       0xa0 /opt/devkitpro/devkitARM/bin/../lib/gcc/arm-none-eabi/9.1.0/thumb/libgcc.a(unwind-arm.o)
 .text.restore_non_core_regs
                0x0000000002005158       0x5c /opt/devkitpro/devkitARM/bin/../lib/gcc/arm-none-eabi/9.1.0/thumb/libgcc.a(unwind-arm.o)
 .text._Unwind_decode_typeinfo_ptr.isra.0
                0x00000000020051b4        0xc /opt/devkitpro/devkitARM/bin/../lib/gcc/arm-none-eabi/9.1.0/thumb/libgcc.a(unwind-arm.o)
 .text._Unwind_DebugHook
                0x00000000020051c0        0x4 /opt/devkitpro/devkitARM/bin/../lib/gcc/arm-none-eabi/9.1.0/thumb/libgcc.a(unwind-arm.o)
 .text.unwind_phase2
                0x00000000020051c4       0x40 /opt/devkitpro/devkitARM/bin/../lib/gcc/arm-none-eabi/9.1.0/thumb/libgcc.a(unwind-arm.o)
 .text.unwind_phase2_forced
                0x0000000002005204       0xe0 /opt/devkitpro/devkitARM/bin/../lib/gcc/arm-none-eabi/9.1.0/thumb/libgcc.a(unwind-arm.o)
 .text.__gnu_Unwind_RaiseException
                0x00000000020052e4       0x5c /opt/devkitpro/devkitARM/bin/../lib/gcc/arm-none-eabi/9.1.0/thumb/libgcc.a(unwind-arm.o)
                0x00000000020052e4                __gnu_Unwind_RaiseException
 .text.__gnu_Unwind_ForcedUnwind
                0x0000000002005340       0x18 /opt/devkitpro/devkitARM/bin/../lib/gcc/arm-none-eabi/9.1.0/thumb/libgcc.a(unwind-arm.o)
                0x0000000002005340                __gnu_Unwind_ForcedUnwind
 .text.__gnu_Unwind_Resume
                0x0000000002005358       0x4c /opt/devkitpro/devkitARM/bin/../lib/gcc/arm-none-eabi/9.1.0/thumb/libgcc.a(unwind-arm.o)
                0x0000000002005358                __gnu_Unwind_Resume
 .text.__gnu_Unwind_Resume_or_Rethrow
                0x00000000020053a4       0x20 /opt/devkitpro/devkitARM/bin/../lib/gcc/arm-none-eabi/9.1.0/thumb/libgcc.a(unwind-arm.o)
                0x00000000020053a4                __gnu_Unwind_Resume_or_Rethrow
 .text._Unwind_Complete
                0x00000000020053c4        0x4 /opt/devkitpro/devkitARM/bin/../lib/gcc/arm-none-eabi/9.1.0/thumb/libgcc.a(unwind-arm.o)
                0x00000000020053c4                _Unwind_Complete
 .text._Unwind_DeleteException
                0x00000000020053c8       0x18 /opt/devkitpro/devkitARM/bin/../lib/gcc/arm-none-eabi/9.1.0/thumb/libgcc.a(unwind-arm.o)
                0x00000000020053c8                _Unwind_DeleteException
 .text._Unwind_VRS_Get
                0x00000000020053e0       0x38 /opt/devkitpro/devkitARM/bin/../lib/gcc/arm-none-eabi/9.1.0/thumb/libgcc.a(unwind-arm.o)
                0x00000000020053e0                _Unwind_VRS_Get
 .text._Unwind_GetGR
                0x0000000002005418       0x1c /opt/devkitpro/devkitARM/bin/../lib/gcc/arm-none-eabi/9.1.0/thumb/libgcc.a(unwind-arm.o)
 .text._Unwind_VRS_Set
                0x0000000002005434       0x38 /opt/devkitpro/devkitARM/bin/../lib/gcc/arm-none-eabi/9.1.0/thumb/libgcc.a(unwind-arm.o)
                0x0000000002005434                _Unwind_VRS_Set
 .text._Unwind_SetGR
                0x000000000200546c       0x1c /opt/devkitpro/devkitARM/bin/../lib/gcc/arm-none-eabi/9.1.0/thumb/libgcc.a(unwind-arm.o)
 .text.__gnu_Unwind_Backtrace
                0x0000000002005488       0x80 /opt/devkitpro/devkitARM/bin/../lib/gcc/arm-none-eabi/9.1.0/thumb/libgcc.a(unwind-arm.o)
                0x0000000002005488                __gnu_Unwind_Backtrace
 .text.__gnu_unwind_pr_common
                0x0000000002005508      0x2d8 /opt/devkitpro/devkitARM/bin/../lib/gcc/arm-none-eabi/9.1.0/thumb/libgcc.a(unwind-arm.o)
 .text.__aeabi_unwind_cpp_pr0
                0x00000000020057e0       0x10 /opt/devkitpro/devkitARM/bin/../lib/gcc/arm-none-eabi/9.1.0/thumb/libgcc.a(unwind-arm.o)
                0x00000000020057e0                __aeabi_unwind_cpp_pr0
 .text.__aeabi_unwind_cpp_pr1
                0x00000000020057f0       0x10 /opt/devkitpro/devkitARM/bin/../lib/gcc/arm-none-eabi/9.1.0/thumb/libgcc.a(unwind-arm.o)
                0x00000000020057f0                __aeabi_unwind_cpp_pr1
 .text.__aeabi_unwind_cpp_pr2
                0x0000000002005800       0x10 /opt/devkitpro/devkitARM/bin/../lib/gcc/arm-none-eabi/9.1.0/thumb/libgcc.a(unwind-arm.o)
                0x0000000002005800                __aeabi_unwind_cpp_pr2
 .text._Unwind_VRS_Pop
                0x0000000002005810      0x2bc /opt/devkitpro/devkitARM/bin/../lib/gcc/arm-none-eabi/9.1.0/thumb/libgcc.a(unwind-arm.o)
                0x0000000002005810                _Unwind_VRS_Pop
 .text.next_unwind_byte
                0x0000000002005acc       0x34 /opt/devkitpro/devkitARM/bin/../lib/gcc/arm-none-eabi/9.1.0/thumb/libgcc.a(pr-support.o)
 .text._Unwind_GetGR.constprop.0
                0x0000000002005b00       0x1c /opt/devkitpro/devkitARM/bin/../lib/gcc/arm-none-eabi/9.1.0/thumb/libgcc.a(pr-support.o)
 .text.unwind_UCB_from_context
                0x0000000002005b1c        0xc /opt/devkitpro/devkitARM/bin/../lib/gcc/arm-none-eabi/9.1.0/thumb/libgcc.a(pr-support.o)
 .text.__gnu_unwind_execute
                0x0000000002005b28      0x2f0 /opt/devkitpro/devkitARM/bin/../lib/gcc/arm-none-eabi/9.1.0/thumb/libgcc.a(pr-support.o)
                0x0000000002005b28                __gnu_unwind_execute
 .text.__gnu_unwind_frame
                0x0000000002005e18       0x2c /opt/devkitpro/devkitARM/bin/../lib/gcc/arm-none-eabi/9.1.0/thumb/libgcc.a(pr-support.o)
                0x0000000002005e18                __gnu_unwind_frame
 .text._Unwind_GetRegionStart
                0x0000000002005e44       0x10 /opt/devkitpro/devkitARM/bin/../lib/gcc/arm-none-eabi/9.1.0/thumb/libgcc.a(pr-support.o)
                0x0000000002005e44                _Unwind_GetRegionStart
 .text._Unwind_GetLanguageSpecificData
                0x0000000002005e54       0x18 /opt/devkitpro/devkitARM/bin/../lib/gcc/arm-none-eabi/9.1.0/thumb/libgcc.a(pr-support.o)
                0x0000000002005e54                _Unwind_GetLanguageSpecificData
 .text.unlikely._Unwind_GetDataRelBase
                0x0000000002005e6c        0x6 /opt/devkitpro/devkitARM/bin/../lib/gcc/arm-none-eabi/9.1.0/thumb/libgcc.a(pr-support.o)
                0x0000000002005e6c                _Unwind_GetDataRelBase
 .text.unlikely._Unwind_GetTextRelBase
                0x0000000002005e72        0x6 /opt/devkitpro/devkitARM/bin/../lib/gcc/arm-none-eabi/9.1.0/thumb/libgcc.a(pr-support.o)
                0x0000000002005e72                _Unwind_GetTextRelBase
 .text.abort    0x0000000002005e78       0x10 /opt/devkitpro/devkitARM/bin/../lib/gcc/arm-none-eabi/9.1.0/../../../../arm-none-eabi/lib/thumb/libg.a(lib_a-abort.o)
                0x0000000002005e78                abort
 .text.__libc_init_array
                0x0000000002005e88       0x50 /opt/devkitpro/devkitARM/bin/../lib/gcc/arm-none-eabi/9.1.0/../../../../arm-none-eabi/lib/thumb/libg.a(lib_a-init.o)
                0x0000000002005e88                __libc_init_array
 .text.iprintf  0x0000000002005ed8       0x24 /opt/devkitpro/devkitARM/bin/../lib/gcc/arm-none-eabi/9.1.0/../../../../arm-none-eabi/lib/thumb/libg.a(lib_a-iprintf.o)
                0x0000000002005ed8                iprintf
 .text.__swhatbuf_r
                0x0000000002005efc       0x64 /opt/devkitpro/devkitARM/bin/../lib/gcc/arm-none-eabi/9.1.0/../../../../arm-none-eabi/lib/thumb/libg.a(lib_a-makebuf.o)
                0x0000000002005efc                __swhatbuf_r
 .text.__smakebuf_r
                0x0000000002005f60       0x98 /opt/devkitpro/devkitARM/bin/../lib/gcc/arm-none-eabi/9.1.0/../../../../arm-none-eabi/lib/thumb/libg.a(lib_a-makebuf.o)
                0x0000000002005f60                __smakebuf_r
 .text.malloc   0x0000000002005ff8       0x14 /opt/devkitpro/devkitARM/bin/../lib/gcc/arm-none-eabi/9.1.0/../../../../arm-none-eabi/lib/thumb/libg.a(lib_a-malloc.o)
                0x0000000002005ff8                malloc
 .text.free     0x000000000200600c       0x14 /opt/devkitpro/devkitARM/bin/../lib/gcc/arm-none-eabi/9.1.0/../../../../arm-none-eabi/lib/thumb/libg.a(lib_a-malloc.o)
                0x000000000200600c                free
 .text._malloc_r
                0x0000000002006020      0x59c /opt/devkitpro/devkitARM/bin/../lib/gcc/arm-none-eabi/9.1.0/../../../../arm-none-eabi/lib/thumb/libg.a(lib_a-mallocr.o)
                0x0000000002006020                _malloc_r
 .text.memchr   0x00000000020065bc       0x78 /opt/devkitpro/devkitARM/bin/../lib/gcc/arm-none-eabi/9.1.0/../../../../arm-none-eabi/lib/thumb/libg.a(lib_a-memchr-stub.o)
                0x00000000020065bc                memchr
 .text.memcpy   0x0000000002006634       0xa8 /opt/devkitpro/devkitARM/bin/../lib/gcc/arm-none-eabi/9.1.0/../../../../arm-none-eabi/lib/thumb/libg.a(lib_a-memcpy-stub.o)
                0x0000000002006634                memcpy
 .text.memmove  0x00000000020066dc       0xb0 /opt/devkitpro/devkitARM/bin/../lib/gcc/arm-none-eabi/9.1.0/../../../../arm-none-eabi/lib/thumb/libg.a(lib_a-memmove.o)
                0x00000000020066dc                memmove
 .text.memset   0x000000000200678c       0xb0 /opt/devkitpro/devkitARM/bin/../lib/gcc/arm-none-eabi/9.1.0/../../../../arm-none-eabi/lib/thumb/libg.a(lib_a-memset.o)
                0x000000000200678c                memset
 .text.__malloc_lock
                0x000000000200683c       0x14 /opt/devkitpro/devkitARM/bin/../lib/gcc/arm-none-eabi/9.1.0/../../../../arm-none-eabi/lib/thumb/libg.a(lib_a-mlock.o)
                0x000000000200683c                __malloc_lock
 .text.__malloc_unlock
                0x0000000002006850       0x14 /opt/devkitpro/devkitARM/bin/../lib/gcc/arm-none-eabi/9.1.0/../../../../arm-none-eabi/lib/thumb/libg.a(lib_a-mlock.o)
                0x0000000002006850                __malloc_unlock
 .text.realloc  0x0000000002006864       0x18 /opt/devkitpro/devkitARM/bin/../lib/gcc/arm-none-eabi/9.1.0/../../../../arm-none-eabi/lib/thumb/libg.a(lib_a-realloc.o)
                0x0000000002006864                realloc
 .text._realloc_r
                0x000000000200687c      0x38c /opt/devkitpro/devkitARM/bin/../lib/gcc/arm-none-eabi/9.1.0/../../../../arm-none-eabi/lib/thumb/libg.a(lib_a-reallocr.o)
                0x000000000200687c                _realloc_r
 .text.setvbuf  0x0000000002006c08      0x1ac /opt/devkitpro/devkitARM/bin/../lib/gcc/arm-none-eabi/9.1.0/../../../../arm-none-eabi/lib/thumb/libg.a(lib_a-setvbuf.o)
                0x0000000002006c08                setvbuf
 .text._raise_r
                0x0000000002006db4       0x64 /opt/devkitpro/devkitARM/bin/../lib/gcc/arm-none-eabi/9.1.0/../../../../arm-none-eabi/lib/thumb/libg.a(lib_a-signal.o)
                0x0000000002006db4                _raise_r
 .text.raise    0x0000000002006e18       0x14 /opt/devkitpro/devkitARM/bin/../lib/gcc/arm-none-eabi/9.1.0/../../../../arm-none-eabi/lib/thumb/libg.a(lib_a-signal.o)
                0x0000000002006e18                raise
 .text.siscanf  0x0000000002006e2c       0x4c /opt/devkitpro/devkitARM/bin/../lib/gcc/arm-none-eabi/9.1.0/../../../../arm-none-eabi/lib/thumb/libg.a(lib_a-siscanf.o)
                0x0000000002006e2c                siscanf
 .text.__sread  0x0000000002006e78       0x34 /opt/devkitpro/devkitARM/bin/../lib/gcc/arm-none-eabi/9.1.0/../../../../arm-none-eabi/lib/thumb/libg.a(lib_a-stdio.o)
                0x0000000002006e78                __sread
 .text.__seofread
                0x0000000002006eac        0x4 /opt/devkitpro/devkitARM/bin/../lib/gcc/arm-none-eabi/9.1.0/../../../../arm-none-eabi/lib/thumb/libg.a(lib_a-stdio.o)
                0x0000000002006eac                __seofread
 .text.__swrite
                0x0000000002006eb0       0x54 /opt/devkitpro/devkitARM/bin/../lib/gcc/arm-none-eabi/9.1.0/../../../../arm-none-eabi/lib/thumb/libg.a(lib_a-stdio.o)
                0x0000000002006eb0                __swrite
 .text.__sseek  0x0000000002006f04       0x40 /opt/devkitpro/devkitARM/bin/../lib/gcc/arm-none-eabi/9.1.0/../../../../arm-none-eabi/lib/thumb/libg.a(lib_a-stdio.o)
                0x0000000002006f04                __sseek
 .text.__sclose
                0x0000000002006f44       0x10 /opt/devkitpro/devkitARM/bin/../lib/gcc/arm-none-eabi/9.1.0/../../../../arm-none-eabi/lib/thumb/libg.a(lib_a-stdio.o)
                0x0000000002006f44                __sclose
 .text.strlen   0x0000000002006f54       0x60 /opt/devkitpro/devkitARM/bin/../lib/gcc/arm-none-eabi/9.1.0/../../../../arm-none-eabi/lib/thumb/libg.a(lib_a-strlen-stub.o)
                0x0000000002006f54                strlen
 .text._strtoul_l.isra.0
                0x0000000002006fb4      0x148 /opt/devkitpro/devkitARM/bin/../lib/gcc/arm-none-eabi/9.1.0/../../../../arm-none-eabi/lib/thumb/libg.a(lib_a-strtoul.o)
 .text._strtoul_r
                0x00000000020070fc        0xc /opt/devkitpro/devkitARM/bin/../lib/gcc/arm-none-eabi/9.1.0/../../../../arm-none-eabi/lib/thumb/libg.a(lib_a-strtoul.o)
                0x00000000020070fc                _strtoul_r
 .text.get_arg  0x0000000002007108       0x32 /opt/devkitpro/devkitARM/bin/../lib/gcc/arm-none-eabi/9.1.0/../../../../arm-none-eabi/lib/thumb/libg.a(lib_a-svfiscanf.o)
 .text._sungetc_r
                0x000000000200713a       0x7e /opt/devkitpro/devkitARM/bin/../lib/gcc/arm-none-eabi/9.1.0/../../../../arm-none-eabi/lib/thumb/libg.a(lib_a-svfiscanf.o)
                0x000000000200713a                _sungetc_r
 .text.__ssrefill_r
                0x00000000020071b8       0x42 /opt/devkitpro/devkitARM/bin/../lib/gcc/arm-none-eabi/9.1.0/../../../../arm-none-eabi/lib/thumb/libg.a(lib_a-svfiscanf.o)
                0x00000000020071b8                __ssrefill_r
 .text._sfread_r
                0x00000000020071fa       0x8a /opt/devkitpro/devkitARM/bin/../lib/gcc/arm-none-eabi/9.1.0/../../../../arm-none-eabi/lib/thumb/libg.a(lib_a-svfiscanf.o)
                0x00000000020071fa                _sfread_r
 .text.__ssvfiscanf_r
                0x0000000002007284     0x1b54 /opt/devkitpro/devkitARM/bin/../lib/gcc/arm-none-eabi/9.1.0/../../../../arm-none-eabi/lib/thumb/libg.a(lib_a-svfiscanf.o)
                0x0000000002007284                __ssvfiscanf_r
 .text.__submore
                0x0000000002008dd8       0x88 /opt/devkitpro/devkitARM/bin/../lib/gcc/arm-none-eabi/9.1.0/../../../../arm-none-eabi/lib/thumb/libg.a(lib_a-ungetc.o)
                0x0000000002008dd8                __submore
 .text.get_arg  0x0000000002008e60      0x3d8 /opt/devkitpro/devkitARM/bin/../lib/gcc/arm-none-eabi/9.1.0/../../../../arm-none-eabi/lib/thumb/libg.a(lib_a-vfiprintf.o)
 .text.__sprint_r
                0x0000000002009238       0x20 /opt/devkitpro/devkitARM/bin/../lib/gcc/arm-none-eabi/9.1.0/../../../../arm-none-eabi/lib/thumb/libg.a(lib_a-vfiprintf.o)
                0x0000000002009238                __sprint_r
 .text._vfiprintf_r
                0x0000000002009258     0x1804 /opt/devkitpro/devkitARM/bin/../lib/gcc/arm-none-eabi/9.1.0/../../../../arm-none-eabi/lib/thumb/libg.a(lib_a-vfiprintf.o)
                0x0000000002009258                _vfiprintf_r
 .text.__sbprintf
                0x000000000200aa5c       0x8c /opt/devkitpro/devkitARM/bin/../lib/gcc/arm-none-eabi/9.1.0/../../../../arm-none-eabi/lib/thumb/libg.a(lib_a-vfiprintf.o)
 .text._wcrtomb_r
                0x000000000200aae8       0x5c /opt/devkitpro/devkitARM/bin/../lib/gcc/arm-none-eabi/9.1.0/../../../../arm-none-eabi/lib/thumb/libg.a(lib_a-wcrtomb.o)
                0x000000000200aae8                _wcrtomb_r
 .text._wcsrtombs_r
                0x000000000200ab44       0x1c /opt/devkitpro/devkitARM/bin/../lib/gcc/arm-none-eabi/9.1.0/../../../../arm-none-eabi/lib/thumb/libg.a(lib_a-wcsrtombs.o)
                0x000000000200ab44                _wcsrtombs_r
 .text.__swsetup_r
                0x000000000200ab60       0xd8 /opt/devkitpro/devkitARM/bin/../lib/gcc/arm-none-eabi/9.1.0/../../../../arm-none-eabi/lib/thumb/libg.a(lib_a-wsetup.o)
                0x000000000200ab60                __swsetup_r
 .text.__sflush_r
                0x000000000200ac38      0x1c0 /opt/devkitpro/devkitARM/bin/../lib/gcc/arm-none-eabi/9.1.0/../../../../arm-none-eabi/lib/thumb/libg.a(lib_a-fflush.o)
                0x000000000200ac38                __sflush_r
 .text._fflush_r
                0x000000000200adf8       0x70 /opt/devkitpro/devkitARM/bin/../lib/gcc/arm-none-eabi/9.1.0/../../../../arm-none-eabi/lib/thumb/libg.a(lib_a-fflush.o)
                0x000000000200adf8                _fflush_r
 .text.std      0x000000000200ae68       0x54 /opt/devkitpro/devkitARM/bin/../lib/gcc/arm-none-eabi/9.1.0/../../../../arm-none-eabi/lib/thumb/libg.a(lib_a-findfp.o)
 .text._cleanup_r
                0x000000000200aebc       0x14 /opt/devkitpro/devkitARM/bin/../lib/gcc/arm-none-eabi/9.1.0/../../../../arm-none-eabi/lib/thumb/libg.a(lib_a-findfp.o)
                0x000000000200aebc                _cleanup_r
 .text.__sinit  0x000000000200aed0       0x64 /opt/devkitpro/devkitARM/bin/../lib/gcc/arm-none-eabi/9.1.0/../../../../arm-none-eabi/lib/thumb/libg.a(lib_a-findfp.o)
                0x000000000200aed0                __sinit
 .text.__sfp_lock_acquire
                0x000000000200af34       0x14 /opt/devkitpro/devkitARM/bin/../lib/gcc/arm-none-eabi/9.1.0/../../../../arm-none-eabi/lib/thumb/libg.a(lib_a-findfp.o)
                0x000000000200af34                __sfp_lock_acquire
 .text.__sfp_lock_release
                0x000000000200af48       0x14 /opt/devkitpro/devkitARM/bin/../lib/gcc/arm-none-eabi/9.1.0/../../../../arm-none-eabi/lib/thumb/libg.a(lib_a-findfp.o)
                0x000000000200af48                __sfp_lock_release
 .text._malloc_trim_r
                0x000000000200af5c       0xa0 /opt/devkitpro/devkitARM/bin/../lib/gcc/arm-none-eabi/9.1.0/../../../../arm-none-eabi/lib/thumb/libg.a(lib_a-freer.o)
                0x000000000200af5c                _malloc_trim_r
 .text._free_r  0x000000000200affc      0x1e0 /opt/devkitpro/devkitARM/bin/../lib/gcc/arm-none-eabi/9.1.0/../../../../arm-none-eabi/lib/thumb/libg.a(lib_a-freer.o)
                0x000000000200affc                _free_r
 .text.__sfvwrite_r
                0x000000000200b1dc      0x348 /opt/devkitpro/devkitARM/bin/../lib/gcc/arm-none-eabi/9.1.0/../../../../arm-none-eabi/lib/thumb/libg.a(lib_a-fvwrite.o)
                0x000000000200b1dc                __sfvwrite_r
 .text._fwalk_reent
                0x000000000200b524       0x50 /opt/devkitpro/devkitARM/bin/../lib/gcc/arm-none-eabi/9.1.0/../../../../arm-none-eabi/lib/thumb/libg.a(lib_a-fwalk.o)
                0x000000000200b524                _fwalk_reent
 .text.iswspace
                0x000000000200b574       0x10 /opt/devkitpro/devkitARM/bin/../lib/gcc/arm-none-eabi/9.1.0/../../../../arm-none-eabi/lib/thumb/libg.a(lib_a-iswspace.o)
                0x000000000200b574                iswspace
 .text._localeconv_r
                0x000000000200b584        0x8 /opt/devkitpro/devkitARM/bin/../lib/gcc/arm-none-eabi/9.1.0/../../../../arm-none-eabi/lib/thumb/libg.a(lib_a-localeconv.o)
                0x000000000200b584                _localeconv_r
 .text.__locale_mb_cur_max
                0x000000000200b58c       0x10 /opt/devkitpro/devkitARM/bin/../lib/gcc/arm-none-eabi/9.1.0/../../../../arm-none-eabi/lib/thumb/libg.a(lib_a-locale.o)
                0x000000000200b58c                __locale_mb_cur_max
 .text._mbrtowc_r
                0x000000000200b59c       0x60 /opt/devkitpro/devkitARM/bin/../lib/gcc/arm-none-eabi/9.1.0/../../../../arm-none-eabi/lib/thumb/libg.a(lib_a-mbrtowc.o)
                0x000000000200b59c                _mbrtowc_r
 .text.__utf8_mbtowc
                0x000000000200b5fc      0x280 /opt/devkitpro/devkitARM/bin/../lib/gcc/arm-none-eabi/9.1.0/../../../../arm-none-eabi/lib/thumb/libg.a(lib_a-mbtowc_r.o)
                0x000000000200b5fc                __utf8_mbtowc
 .text.__sccl   0x000000000200b87c       0x90 /opt/devkitpro/devkitARM/bin/../lib/gcc/arm-none-eabi/9.1.0/../../../../arm-none-eabi/lib/thumb/libg.a(lib_a-sccl.o)
                0x000000000200b87c                __sccl
 .text.strncpy  0x000000000200b90c       0x74 /opt/devkitpro/devkitARM/bin/../lib/gcc/arm-none-eabi/9.1.0/../../../../arm-none-eabi/lib/thumb/libg.a(lib_a-strncpy.o)
                0x000000000200b90c                strncpy
 .text._strtoll_l.isra.0
                0x000000000200b980      0x1ac /opt/devkitpro/devkitARM/bin/../lib/gcc/arm-none-eabi/9.1.0/../../../../arm-none-eabi/lib/thumb/libg.a(lib_a-strtoll.o)
 .text._strtoll_r
                0x000000000200bb2c        0xc /opt/devkitpro/devkitARM/bin/../lib/gcc/arm-none-eabi/9.1.0/../../../../arm-none-eabi/lib/thumb/libg.a(lib_a-strtoll.o)
                0x000000000200bb2c                _strtoll_r
 .text._strtol_l.isra.0
                0x000000000200bb38      0x140 /opt/devkitpro/devkitARM/bin/../lib/gcc/arm-none-eabi/9.1.0/../../../../arm-none-eabi/lib/thumb/libg.a(lib_a-strtol.o)
 .text._strtol_r
                0x000000000200bc78        0xc /opt/devkitpro/devkitARM/bin/../lib/gcc/arm-none-eabi/9.1.0/../../../../arm-none-eabi/lib/thumb/libg.a(lib_a-strtol.o)
                0x000000000200bc78                _strtol_r
 .text._strtoull_l.isra.0
                0x000000000200bc84      0x1c8 /opt/devkitpro/devkitARM/bin/../lib/gcc/arm-none-eabi/9.1.0/../../../../arm-none-eabi/lib/thumb/libg.a(lib_a-strtoull.o)
 .text._strtoull_r
                0x000000000200be4c        0xc /opt/devkitpro/devkitARM/bin/../lib/gcc/arm-none-eabi/9.1.0/../../../../arm-none-eabi/lib/thumb/libg.a(lib_a-strtoull.o)
                0x000000000200be4c                _strtoull_r
 .text._wcsnrtombs_l
                0x000000000200be58      0x138 /opt/devkitpro/devkitARM/bin/../lib/gcc/arm-none-eabi/9.1.0/../../../../arm-none-eabi/lib/thumb/libg.a(lib_a-wcsnrtombs.o)
                0x000000000200be58                _wcsnrtombs_l
 .text._wcsnrtombs_r
                0x000000000200bf90       0x30 /opt/devkitpro/devkitARM/bin/../lib/gcc/arm-none-eabi/9.1.0/../../../../arm-none-eabi/lib/thumb/libg.a(lib_a-wcsnrtombs.o)
                0x000000000200bf90                _wcsnrtombs_r
 .text.__utf8_wctomb
                0x000000000200bfc0       0xb4 /opt/devkitpro/devkitARM/bin/../lib/gcc/arm-none-eabi/9.1.0/../../../../arm-none-eabi/lib/thumb/libg.a(lib_a-wctomb_r.o)
                0x000000000200bfc0                __utf8_wctomb
 .text._fclose_r
                0x000000000200c074       0xe8 /opt/devkitpro/devkitARM/bin/../lib/gcc/arm-none-eabi/9.1.0/../../../../arm-none-eabi/lib/thumb/libg.a(lib_a-fclose.o)
                0x000000000200c074                _fclose_r
 .text.iswspace_l
                0x000000000200c15c       0x2c /opt/devkitpro/devkitARM/bin/../lib/gcc/arm-none-eabi/9.1.0/../../../../arm-none-eabi/lib/thumb/libg.a(lib_a-iswspace_l.o)
                0x000000000200c15c                iswspace_l
 .text.__jp2uc  0x000000000200c188      0x164 /opt/devkitpro/devkitARM/bin/../lib/gcc/arm-none-eabi/9.1.0/../../../../arm-none-eabi/lib/thumb/libg.a(lib_a-jp2uc.o)
 .text._jp2uc_l
                0x000000000200c2ec       0x6c /opt/devkitpro/devkitARM/bin/../lib/gcc/arm-none-eabi/9.1.0/../../../../arm-none-eabi/lib/thumb/libg.a(lib_a-jp2uc.o)
                0x000000000200c2ec                _jp2uc_l
 .text.category
                0x000000000200c358       0x58 /opt/devkitpro/devkitARM/bin/../lib/gcc/arm-none-eabi/9.1.0/../../../../arm-none-eabi/lib/thumb/libg.a(lib_a-categories.o)
                0x000000000200c358                category
 .text.null_write
                0x000000000200c3b0        0x4 /opt/devkitpro/devkitARM/bin/../lib/gcc/arm-none-eabi/9.1.0/../../../../arm-none-eabi/lib/thumb/libsysbase.a(iosupport.o)
 .text._fstat_r
                0x000000000200c3b4       0x4c /opt/devkitpro/devkitARM/bin/../lib/gcc/arm-none-eabi/9.1.0/../../../../arm-none-eabi/lib/thumb/libsysbase.a(fstat.o)
                0x000000000200c3b4                _fstat_r
 .text._getpid_r
                0x000000000200c400        0xc /opt/devkitpro/devkitARM/bin/../lib/gcc/arm-none-eabi/9.1.0/../../../../arm-none-eabi/lib/thumb/libsysbase.a(getpid.o)
                0x000000000200c400                _getpid_r
 .text._isatty_r
                0x000000000200c40c        0x4 /opt/devkitpro/devkitARM/bin/../lib/gcc/arm-none-eabi/9.1.0/../../../../arm-none-eabi/lib/thumb/libsysbase.a(isatty.o)
                0x000000000200c40c                _isatty_r
 .text._kill_r  0x000000000200c410        0xc /opt/devkitpro/devkitARM/bin/../lib/gcc/arm-none-eabi/9.1.0/../../../../arm-none-eabi/lib/thumb/libsysbase.a(kill.o)
                0x000000000200c410                _kill_r
 .text._lseek_r
                0x000000000200c41c       0x5c /opt/devkitpro/devkitARM/bin/../lib/gcc/arm-none-eabi/9.1.0/../../../../arm-none-eabi/lib/thumb/libsysbase.a(lseek.o)
                0x000000000200c41c                _lseek_r
 .text._read_r  0x000000000200c478       0x50 /opt/devkitpro/devkitARM/bin/../lib/gcc/arm-none-eabi/9.1.0/../../../../arm-none-eabi/lib/thumb/libsysbase.a(read.o)
                0x000000000200c478                _read_r
 .text._sbrk_r  0x000000000200c4c8       0x54 /opt/devkitpro/devkitARM/bin/../lib/gcc/arm-none-eabi/9.1.0/../../../../arm-none-eabi/lib/thumb/libsysbase.a(sbrk.o)
                0x000000000200c4c8                _sbrk_r
 .text._write_r
                0x000000000200c51c       0x50 /opt/devkitpro/devkitARM/bin/../lib/gcc/arm-none-eabi/9.1.0/../../../../arm-none-eabi/lib/thumb/libsysbase.a(write.o)
                0x000000000200c51c                _write_r
 .text._exit    0x000000000200c56c       0x18 /opt/devkitpro/devkitARM/bin/../lib/gcc/arm-none-eabi/9.1.0/../../../../arm-none-eabi/lib/thumb/libsysbase.a(_exit.o)
                0x000000000200c56c                _exit
 .text.build_argv
                0x000000000200c584       0x4c /opt/devkitpro/devkitARM/bin/../lib/gcc/arm-none-eabi/9.1.0/../../../../arm-none-eabi/lib/thumb/libsysbase.a(build_argv.o)
                0x000000000200c584                build_argv
 .text.__flockfile
                0x000000000200c5d0       0x10 /opt/devkitpro/devkitARM/bin/../lib/gcc/arm-none-eabi/9.1.0/../../../../arm-none-eabi/lib/thumb/libsysbase.a(flock.o)
                0x000000000200c5d0                __flockfile
 .text.__funlockfile
                0x000000000200c5e0       0x10 /opt/devkitpro/devkitARM/bin/../lib/gcc/arm-none-eabi/9.1.0/../../../../arm-none-eabi/lib/thumb/libsysbase.a(flock.o)
                0x000000000200c5e0                __funlockfile
 .text.__libc_lock_acquire
                0x000000000200c5f0       0x1c /opt/devkitpro/devkitARM/bin/../lib/gcc/arm-none-eabi/9.1.0/../../../../arm-none-eabi/lib/thumb/libsysbase.a(syscall_support.o)
                0x000000000200c5f0                __libc_lock_acquire
 .text.__libc_lock_release
                0x000000000200c60c       0x1c /opt/devkitpro/devkitARM/bin/../lib/gcc/arm-none-eabi/9.1.0/../../../../arm-none-eabi/lib/thumb/libsysbase.a(syscall_support.o)
                0x000000000200c60c                __libc_lock_release
 .text.__libc_lock_init_recursive
                0x000000000200c628       0x1c /opt/devkitpro/devkitARM/bin/../lib/gcc/arm-none-eabi/9.1.0/../../../../arm-none-eabi/lib/thumb/libsysbase.a(syscall_support.o)
                0x000000000200c628                __libc_lock_init_recursive
 .text.__libc_lock_acquire_recursive
                0x000000000200c644       0x1c /opt/devkitpro/devkitARM/bin/../lib/gcc/arm-none-eabi/9.1.0/../../../../arm-none-eabi/lib/thumb/libsysbase.a(syscall_support.o)
                0x000000000200c644                __libc_lock_acquire_recursive
 .text.__libc_lock_release_recursive
                0x000000000200c660       0x1c /opt/devkitpro/devkitARM/bin/../lib/gcc/arm-none-eabi/9.1.0/../../../../arm-none-eabi/lib/thumb/libsysbase.a(syscall_support.o)
                0x000000000200c660                __libc_lock_release_recursive
 .text.__libc_lock_close_recursive
                0x000000000200c67c       0x1c /opt/devkitpro/devkitARM/bin/../lib/gcc/arm-none-eabi/9.1.0/../../../../arm-none-eabi/lib/thumb/libsysbase.a(syscall_support.o)
                0x000000000200c67c                __libc_lock_close_recursive
 .text.__get_handle
                0x000000000200c698       0x34 /opt/devkitpro/devkitARM/bin/../lib/gcc/arm-none-eabi/9.1.0/../../../../arm-none-eabi/lib/thumb/libsysbase.a(handle_manager.o)
                0x000000000200c698                __get_handle
 .text._close_r
                0x000000000200c6cc       0xb8 /opt/devkitpro/devkitARM/bin/../lib/gcc/arm-none-eabi/9.1.0/../../../../arm-none-eabi/lib/thumb/libsysbase.a(handle_manager.o)
                0x000000000200c6cc                _close_r
 .text.__getreent
                0x000000000200c784       0x28 /opt/devkitpro/devkitARM/bin/../lib/gcc/arm-none-eabi/9.1.0/../../../../arm-none-eabi/lib/thumb/libsysbase.a(getreent.o)
                0x000000000200c784                __getreent
 .text.__muldi3
                0x000000000200c7ac       0x54 /opt/devkitpro/devkitARM/bin/../lib/gcc/arm-none-eabi/9.1.0/thumb/libgcc.a(_muldi3.o)
                0x000000000200c7ac                __aeabi_lmul
                0x000000000200c7ac                __muldi3
 .text.__udivmoddi4
                0x000000000200c800      0x19c /opt/devkitpro/devkitARM/bin/../lib/gcc/arm-none-eabi/9.1.0/thumb/libgcc.a(_udivmoddi4.o)
                0x000000000200c800                __udivmoddi4
 *fill*         0x000000000200c99c        0x4 ff
 .text.__udivmoddi4.__stub
                0x000000000200c9a0      0x108 linker stubs
 *(EXCLUDE_FILE(*.twl*) .gnu.warning)
 *(EXCLUDE_FILE(*.twl*) .gnu.linkonce.t*)
 *(.glue_7)
 .glue_7        0x000000000200cab8        0x0 linker stubs
 *(.glue_7t)
 .glue_7t       0x000000000200cab8        0x0 linker stubs
                0x000000000200cab8                . = ALIGN (0x4)

.vfp11_veneer   0x000000000200cab8        0x0
 .vfp11_veneer  0x000000000200cab8        0x0 linker stubs

.v4_bx          0x000000000200cab8        0x0
 .v4_bx         0x000000000200cab8        0x0 linker stubs

.iplt           0x000000000200cab8        0x0
 .iplt          0x000000000200cab8        0x0 /opt/devkitpro/devkitARM/bin/../lib/gcc/arm-none-eabi/9.1.0/../../../../arm-none-eabi/lib/thumb/ds_arm9_crt0.o

.fini           0x000000000200cab8        0xc
 *(.fini)
 .fini          0x000000000200cab8        0x4 /opt/devkitpro/devkitARM/bin/../lib/gcc/arm-none-eabi/9.1.0/thumb/crti.o
                0x000000000200cab8                _fini
 .fini          0x000000000200cabc        0x8 /opt/devkitpro/devkitARM/bin/../lib/gcc/arm-none-eabi/9.1.0/thumb/crtn.o
                0x000000000200cac4                __text_end = .

.rodata         0x000000000200cac4    0x3594c
 *(EXCLUDE_FILE(*.twl*) .rodata)
 .rodata        0x000000000200cac4    0x2ca00 sprites.o
                0x000000000200cac4                spritesTiles
                0x00000000020392c4                spritesPal
 .rodata        0x00000000020394c4        0xc Scene.o
                0x00000000020394c4                vtable for Scene
 .rodata        0x00000000020394d0       0x1c Sprite.o
                0x00000000020394d0                vtable for Sprite
 .rodata        0x00000000020394ec     0x2004 /opt/devkitpro/libnds/lib/libnds9.a(default_font.bin.o)
                0x00000000020394ec                default_font_bin
                0x000000000203b4ec                default_font_bin_end
                0x000000000203b4ec                default_font_bin_size
 *all.rodata*(*)
 *(EXCLUDE_FILE(*.twl*) .roda)
 *(EXCLUDE_FILE(*.twl*) .rodata.*)
 .rodata._ZNSt6vectorIP6SpriteSaIS1_EE17_M_realloc_insertIJRKS1_EEEvN9__gnu_cxx17__normal_iteratorIPS1_S3_EEDpOT_.str1.4
                0x000000000203b4f0       0x1a Scene.o
 *fill*         0x000000000203b50a        0x2 ff
 .rodata._ZTV6Player
                0x000000000203b50c       0x1c Scene.o
                0x000000000203b50c                vtable for Player
 .rodata.str1.4
                0x000000000203b528        0xd main.o
 *fill*         0x000000000203b535        0x3 ff
 .rodata.con_write
                0x000000000203b538       0xd4 /opt/devkitpro/libnds/lib/libnds9.a(console.o)
 .rodata.con_write.str1.4
                0x000000000203b60c       0x30 /opt/devkitpro/libnds/lib/libnds9.a(console.o)
 .rodata.dotab_stdout
                0x000000000203b63c       0x70 /opt/devkitpro/libnds/lib/libnds9.a(console.o)
 .rodata.str1.4
                0x000000000203b6ac       0x14 /opt/devkitpro/libnds/lib/libnds9.a(console.o)
 .rodata.SIN_LUT
                0x000000000203b6c0      0x102 /opt/devkitpro/libnds/lib/libnds9.a(trig.o)
                0x000000000203b6c0                SIN_LUT
 *fill*         0x000000000203b7c2        0x2 ff
 .rodata._ZNKSt9bad_alloc4whatEv.str1.4
                0x000000000203b7c4        0xf /opt/devkitpro/devkitARM/bin/../lib/gcc/arm-none-eabi/9.1.0/../../../../arm-none-eabi/lib/thumb/libstdc++.a(bad_alloc.o)
 *fill*         0x000000000203b7d3        0x1 ff
 .rodata._ZTISt9bad_alloc
                0x000000000203b7d4        0xc /opt/devkitpro/devkitARM/bin/../lib/gcc/arm-none-eabi/9.1.0/../../../../arm-none-eabi/lib/thumb/libstdc++.a(bad_alloc.o)
                0x000000000203b7d4                typeinfo for std::bad_alloc
 .rodata._ZTSSt9bad_alloc
                0x000000000203b7e0        0xd /opt/devkitpro/devkitARM/bin/../lib/gcc/arm-none-eabi/9.1.0/../../../../arm-none-eabi/lib/thumb/libstdc++.a(bad_alloc.o)
                0x000000000203b7e0                typeinfo name for std::bad_alloc
 *fill*         0x000000000203b7ed        0x3 ff
 .rodata._ZTVSt9bad_alloc
                0x000000000203b7f0       0x14 /opt/devkitpro/devkitARM/bin/../lib/gcc/arm-none-eabi/9.1.0/../../../../arm-none-eabi/lib/thumb/libstdc++.a(bad_alloc.o)
                0x000000000203b7f0                vtable for std::bad_alloc
 .rodata._ZNKSt13bad_exception4whatEv.str1.4
                0x000000000203b804       0x13 /opt/devkitpro/devkitARM/bin/../lib/gcc/arm-none-eabi/9.1.0/../../../../arm-none-eabi/lib/thumb/libstdc++.a(eh_exception.o)
 *fill*         0x000000000203b817        0x1 ff
 .rodata._ZTIN10__cxxabiv115__forced_unwindE
                0x000000000203b818        0x8 /opt/devkitpro/devkitARM/bin/../lib/gcc/arm-none-eabi/9.1.0/../../../../arm-none-eabi/lib/thumb/libstdc++.a(eh_exception.o)
                0x000000000203b818                typeinfo for __cxxabiv1::__forced_unwind
 .rodata._ZTIN10__cxxabiv119__foreign_exceptionE
                0x000000000203b820        0x8 /opt/devkitpro/devkitARM/bin/../lib/gcc/arm-none-eabi/9.1.0/../../../../arm-none-eabi/lib/thumb/libstdc++.a(eh_exception.o)
                0x000000000203b820                typeinfo for __cxxabiv1::__foreign_exception
 .rodata._ZTISt13bad_exception
                0x000000000203b828        0xc /opt/devkitpro/devkitARM/bin/../lib/gcc/arm-none-eabi/9.1.0/../../../../arm-none-eabi/lib/thumb/libstdc++.a(eh_exception.o)
                0x000000000203b828                typeinfo for std::bad_exception
 .rodata._ZTISt9exception
                0x000000000203b834        0x8 /opt/devkitpro/devkitARM/bin/../lib/gcc/arm-none-eabi/9.1.0/../../../../arm-none-eabi/lib/thumb/libstdc++.a(eh_exception.o)
                0x000000000203b834                typeinfo for std::exception
 .rodata._ZTSN10__cxxabiv115__forced_unwindE
                0x000000000203b83c       0x20 /opt/devkitpro/devkitARM/bin/../lib/gcc/arm-none-eabi/9.1.0/../../../../arm-none-eabi/lib/thumb/libstdc++.a(eh_exception.o)
                0x000000000203b83c                typeinfo name for __cxxabiv1::__forced_unwind
 .rodata._ZTSN10__cxxabiv119__foreign_exceptionE
                0x000000000203b85c       0x24 /opt/devkitpro/devkitARM/bin/../lib/gcc/arm-none-eabi/9.1.0/../../../../arm-none-eabi/lib/thumb/libstdc++.a(eh_exception.o)
                0x000000000203b85c                typeinfo name for __cxxabiv1::__foreign_exception
 .rodata._ZTSSt13bad_exception
                0x000000000203b880       0x12 /opt/devkitpro/devkitARM/bin/../lib/gcc/arm-none-eabi/9.1.0/../../../../arm-none-eabi/lib/thumb/libstdc++.a(eh_exception.o)
                0x000000000203b880                typeinfo name for std::bad_exception
 *fill*         0x000000000203b892        0x2 ff
 .rodata._ZTSSt9exception
                0x000000000203b894        0xd /opt/devkitpro/devkitARM/bin/../lib/gcc/arm-none-eabi/9.1.0/../../../../arm-none-eabi/lib/thumb/libstdc++.a(eh_exception.o)
                0x000000000203b894                typeinfo name for std::exception
 *fill*         0x000000000203b8a1        0x3 ff
 .rodata._ZTVSt13bad_exception
                0x000000000203b8a4       0x14 /opt/devkitpro/devkitARM/bin/../lib/gcc/arm-none-eabi/9.1.0/../../../../arm-none-eabi/lib/thumb/libstdc++.a(eh_exception.o)
                0x000000000203b8a4                vtable for std::bad_exception
 .rodata._ZL28read_encoded_value_with_basehjPKhPj
                0x000000000203b8b8       0x34 /opt/devkitpro/devkitARM/bin/../lib/gcc/arm-none-eabi/9.1.0/../../../../arm-none-eabi/lib/thumb/libstdc++.a(eh_personality.o)
 .rodata._ZTIN10__cxxabiv120__si_class_type_infoE
                0x000000000203b8ec        0xc /opt/devkitpro/devkitARM/bin/../lib/gcc/arm-none-eabi/9.1.0/../../../../arm-none-eabi/lib/thumb/libstdc++.a(si_class_type_info.o)
                0x000000000203b8ec                typeinfo for __cxxabiv1::__si_class_type_info
 .rodata._ZTSN10__cxxabiv120__si_class_type_infoE
                0x000000000203b8f8       0x25 /opt/devkitpro/devkitARM/bin/../lib/gcc/arm-none-eabi/9.1.0/../../../../arm-none-eabi/lib/thumb/libstdc++.a(si_class_type_info.o)
                0x000000000203b8f8                typeinfo name for __cxxabiv1::__si_class_type_info
 *fill*         0x000000000203b91d        0x3 ff
 .rodata._ZTVN10__cxxabiv120__si_class_type_infoE
                0x000000000203b920       0x2c /opt/devkitpro/devkitARM/bin/../lib/gcc/arm-none-eabi/9.1.0/../../../../arm-none-eabi/lib/thumb/libstdc++.a(si_class_type_info.o)
                0x000000000203b920                vtable for __cxxabiv1::__si_class_type_info
 .rodata._ZTISt9type_info
                0x000000000203b94c        0x8 /opt/devkitpro/devkitARM/bin/../lib/gcc/arm-none-eabi/9.1.0/../../../../arm-none-eabi/lib/thumb/libstdc++.a(tinfo.o)
                0x000000000203b94c                typeinfo for std::type_info
 .rodata._ZTSSt9type_info
                0x000000000203b954        0xd /opt/devkitpro/devkitARM/bin/../lib/gcc/arm-none-eabi/9.1.0/../../../../arm-none-eabi/lib/thumb/libstdc++.a(tinfo.o)
                0x000000000203b954                typeinfo name for std::type_info
 *fill*         0x000000000203b961        0x3 ff
 .rodata._ZTISt11logic_error
                0x000000000203b964        0xc /opt/devkitpro/devkitARM/bin/../lib/gcc/arm-none-eabi/9.1.0/../../../../arm-none-eabi/lib/thumb/libstdc++.a(stdexcept.o)
                0x000000000203b964                typeinfo for std::logic_error
 .rodata._ZTISt12length_error
                0x000000000203b970        0xc /opt/devkitpro/devkitARM/bin/../lib/gcc/arm-none-eabi/9.1.0/../../../../arm-none-eabi/lib/thumb/libstdc++.a(stdexcept.o)
                0x000000000203b970                typeinfo for std::length_error
 .rodata._ZTSSt11logic_error
                0x000000000203b97c       0x10 /opt/devkitpro/devkitARM/bin/../lib/gcc/arm-none-eabi/9.1.0/../../../../arm-none-eabi/lib/thumb/libstdc++.a(stdexcept.o)
                0x000000000203b97c                typeinfo name for std::logic_error
 .rodata._ZTSSt12length_error
                0x000000000203b98c       0x11 /opt/devkitpro/devkitARM/bin/../lib/gcc/arm-none-eabi/9.1.0/../../../../arm-none-eabi/lib/thumb/libstdc++.a(stdexcept.o)
                0x000000000203b98c                typeinfo name for std::length_error
 *fill*         0x000000000203b99d        0x3 ff
 .rodata._ZTVSt11logic_error
                0x000000000203b9a0       0x14 /opt/devkitpro/devkitARM/bin/../lib/gcc/arm-none-eabi/9.1.0/../../../../arm-none-eabi/lib/thumb/libstdc++.a(stdexcept.o)
                0x000000000203b9a0                vtable for std::logic_error
 .rodata._ZTVSt12length_error
                0x000000000203b9b4       0x14 /opt/devkitpro/devkitARM/bin/../lib/gcc/arm-none-eabi/9.1.0/../../../../arm-none-eabi/lib/thumb/libstdc++.a(stdexcept.o)
                0x000000000203b9b4                vtable for std::length_error
 .rodata._ZNSs4_Rep9_S_createEjjRKSaIcE.str1.4
                0x000000000203b9c8       0x18 /opt/devkitpro/devkitARM/bin/../lib/gcc/arm-none-eabi/9.1.0/../../../../arm-none-eabi/lib/thumb/libstdc++.a(cow-string-inst.o)
 .rodata._ZNSs12_S_constructIPcEES0_T_S1_RKSaIcESt20forward_iterator_tag.str1.4
                0x000000000203b9e0       0x2a /opt/devkitpro/devkitARM/bin/../lib/gcc/arm-none-eabi/9.1.0/../../../../arm-none-eabi/lib/thumb/libstdc++.a(cow-string-inst.o)
 *fill*         0x000000000203ba0a        0x2 ff
 .rodata._ZTIN10__cxxabiv117__class_type_infoE
                0x000000000203ba0c        0xc /opt/devkitpro/devkitARM/bin/../lib/gcc/arm-none-eabi/9.1.0/../../../../arm-none-eabi/lib/thumb/libstdc++.a(class_type_info.o)
                0x000000000203ba0c                typeinfo for __cxxabiv1::__class_type_info
 .rodata._ZTSN10__cxxabiv117__class_type_infoE
                0x000000000203ba18       0x22 /opt/devkitpro/devkitARM/bin/../lib/gcc/arm-none-eabi/9.1.0/../../../../arm-none-eabi/lib/thumb/libstdc++.a(class_type_info.o)
                0x000000000203ba18                typeinfo name for __cxxabiv1::__class_type_info
 *fill*         0x000000000203ba3a        0x2 ff
 .rodata._ZTVN10__cxxabiv117__class_type_infoE
                0x000000000203ba3c       0x2c /opt/devkitpro/devkitARM/bin/../lib/gcc/arm-none-eabi/9.1.0/../../../../arm-none-eabi/lib/thumb/libstdc++.a(class_type_info.o)
                0x000000000203ba3c                vtable for __cxxabiv1::__class_type_info
 .rodata.basefix.6959
                0x000000000203ba68       0x22 /opt/devkitpro/devkitARM/bin/../lib/gcc/arm-none-eabi/9.1.0/../../../../arm-none-eabi/lib/thumb/libg.a(lib_a-svfiscanf.o)
 .rodata._vfiprintf_r.str1.1
                0x000000000203ba8a       0x29 /opt/devkitpro/devkitARM/bin/../lib/gcc/arm-none-eabi/9.1.0/../../../../arm-none-eabi/lib/thumb/libg.a(lib_a-vfiprintf.o)
 *fill*         0x000000000203bab3        0x1 ff
 .rodata.blanks.7396
                0x000000000203bab4       0x10 /opt/devkitpro/devkitARM/bin/../lib/gcc/arm-none-eabi/9.1.0/../../../../arm-none-eabi/lib/thumb/libg.a(lib_a-vfiprintf.o)
 .rodata.zeroes.7397
                0x000000000203bac4       0x10 /opt/devkitpro/devkitARM/bin/../lib/gcc/arm-none-eabi/9.1.0/../../../../arm-none-eabi/lib/thumb/libg.a(lib_a-vfiprintf.o)
 .rodata._ctype_
                0x000000000203bad4      0x101 /opt/devkitpro/devkitARM/bin/../lib/gcc/arm-none-eabi/9.1.0/../../../../arm-none-eabi/lib/thumb/libg.a(lib_a-ctype_.o)
                0x000000000203bad4                _ctype_
 *fill*         0x000000000203bbd5        0x3 ff
 .rodata.str1.4
                0x000000000203bbd8       0x48 /opt/devkitpro/devkitARM/bin/../lib/gcc/arm-none-eabi/9.1.0/../../../../arm-none-eabi/lib/thumb/libg.a(lib_a-locale.o)
                                         0x4c (size before relaxing)
 .rodata._mbrtowc_r.str1.4
                0x000000000203bc20        0x1 /opt/devkitpro/devkitARM/bin/../lib/gcc/arm-none-eabi/9.1.0/../../../../arm-none-eabi/lib/thumb/libg.a(lib_a-mbrtowc.o)
 .rodata.__action_table
                0x000000000203bc20       0x6c /opt/devkitpro/devkitARM/bin/../lib/gcc/arm-none-eabi/9.1.0/../../../../arm-none-eabi/lib/thumb/libg.a(lib_a-svfiprintf.o)
                0x000000000203bc20                __action_table
 .rodata.__chclass
                0x000000000203bc8c      0x100 /opt/devkitpro/devkitARM/bin/../lib/gcc/arm-none-eabi/9.1.0/../../../../arm-none-eabi/lib/thumb/libg.a(lib_a-svfiprintf.o)
                0x000000000203bc8c                __chclass
 .rodata.__state_table
                0x000000000203bd8c       0x6c /opt/devkitpro/devkitARM/bin/../lib/gcc/arm-none-eabi/9.1.0/../../../../arm-none-eabi/lib/thumb/libg.a(lib_a-svfiprintf.o)
                0x000000000203bd8c                __state_table
 .rodata.__jp2uc
                0x000000000203bdf8       0x20 /opt/devkitpro/devkitARM/bin/../lib/gcc/arm-none-eabi/9.1.0/../../../../arm-none-eabi/lib/thumb/libg.a(lib_a-jp2uc.o)
 .rodata._jp2uc_l.str1.4
                0x000000000203be18       0x12 /opt/devkitpro/devkitARM/bin/../lib/gcc/arm-none-eabi/9.1.0/../../../../arm-none-eabi/lib/thumb/libg.a(lib_a-jp2uc.o)
 *fill*         0x000000000203be2a        0x2 ff
 .rodata.a1     0x000000000203be2c       0xbc /opt/devkitpro/devkitARM/bin/../lib/gcc/arm-none-eabi/9.1.0/../../../../arm-none-eabi/lib/thumb/libg.a(lib_a-jp2uc.o)
 .rodata.a2     0x000000000203bee8       0xbc /opt/devkitpro/devkitARM/bin/../lib/gcc/arm-none-eabi/9.1.0/../../../../arm-none-eabi/lib/thumb/libg.a(lib_a-jp2uc.o)
 .rodata.a3     0x000000000203bfa4       0x5b /opt/devkitpro/devkitARM/bin/../lib/gcc/arm-none-eabi/9.1.0/../../../../arm-none-eabi/lib/thumb/libg.a(lib_a-jp2uc.o)
 *fill*         0x000000000203bfff        0x1 ff
 .rodata.a6     0x000000000203c000       0x70 /opt/devkitpro/devkitARM/bin/../lib/gcc/arm-none-eabi/9.1.0/../../../../arm-none-eabi/lib/thumb/libg.a(lib_a-jp2uc.o)
 .rodata.a7     0x000000000203c070       0xa2 /opt/devkitpro/devkitARM/bin/../lib/gcc/arm-none-eabi/9.1.0/../../../../arm-none-eabi/lib/thumb/libg.a(lib_a-jp2uc.o)
 *fill*         0x000000000203c112        0x2 ff
 .rodata.a8     0x000000000203c114       0x40 /opt/devkitpro/devkitARM/bin/../lib/gcc/arm-none-eabi/9.1.0/../../../../arm-none-eabi/lib/thumb/libg.a(lib_a-jp2uc.o)
 .rodata.b02cf  0x000000000203c154     0x172a /opt/devkitpro/devkitARM/bin/../lib/gcc/arm-none-eabi/9.1.0/../../../../arm-none-eabi/lib/thumb/libg.a(lib_a-jp2uc.o)
 *fill*         0x000000000203d87e        0x2 ff
 .rodata.d02f4  0x000000000203d880     0x1a7c /opt/devkitpro/devkitARM/bin/../lib/gcc/arm-none-eabi/9.1.0/../../../../arm-none-eabi/lib/thumb/libg.a(lib_a-jp2uc.o)
 .rodata.categories
                0x000000000203f2fc     0x309c /opt/devkitpro/devkitARM/bin/../lib/gcc/arm-none-eabi/9.1.0/../../../../arm-none-eabi/lib/thumb/libg.a(lib_a-categories.o)
 .rodata.AddDevice.str1.4
                0x0000000002042398        0x8 /opt/devkitpro/devkitARM/bin/../lib/gcc/arm-none-eabi/9.1.0/../../../../arm-none-eabi/lib/thumb/libsysbase.a(iosupport.o)
 .rodata.dotab_stdnull
                0x00000000020423a0       0x70 /opt/devkitpro/devkitARM/bin/../lib/gcc/arm-none-eabi/9.1.0/../../../../arm-none-eabi/lib/thumb/libsysbase.a(iosupport.o)
                0x00000000020423a0                dotab_stdnull
 *(EXCLUDE_FILE(*.twl*) .gnu.linkonce.r*)
                0x0000000002042410                . = ALIGN (0x4)

.ARM.extab      0x0000000002042410      0x114
 *(.ARM.extab* .gnu.linkonce.armextab.*)
 .ARM.extab.text.unlikely._ZSt19__throw_logic_errorPKc
                0x0000000002042410       0x14 /opt/devkitpro/devkitARM/bin/../lib/gcc/arm-none-eabi/9.1.0/../../../../arm-none-eabi/lib/thumb/libstdc++.a(functexcept.o)
 .ARM.extab.text.unlikely._ZSt20__throw_length_errorPKc
                0x0000000002042424       0x14 /opt/devkitpro/devkitARM/bin/../lib/gcc/arm-none-eabi/9.1.0/../../../../arm-none-eabi/lib/thumb/libstdc++.a(functexcept.o)
 .ARM.extab.text.__cxa_type_match
                0x0000000002042438        0xc /opt/devkitpro/devkitARM/bin/../lib/gcc/arm-none-eabi/9.1.0/../../../../arm-none-eabi/lib/thumb/libstdc++.a(eh_arm.o)
 .ARM.extab.text._ZL28read_encoded_value_with_basehjPKhPj
                0x0000000002042444        0xc /opt/devkitpro/devkitARM/bin/../lib/gcc/arm-none-eabi/9.1.0/../../../../arm-none-eabi/lib/thumb/libstdc++.a(eh_personality.o)
 .ARM.extab.text.__gxx_personality_v0
                0x0000000002042450       0x28 /opt/devkitpro/devkitARM/bin/../lib/gcc/arm-none-eabi/9.1.0/../../../../arm-none-eabi/lib/thumb/libstdc++.a(eh_personality.o)
 .ARM.extab.text._ZN10__cxxabiv111__terminateEPFvvE
                0x0000000002042478       0x28 /opt/devkitpro/devkitARM/bin/../lib/gcc/arm-none-eabi/9.1.0/../../../../arm-none-eabi/lib/thumb/libstdc++.a(eh_terminate.o)
 .ARM.extab.text._ZNK10__cxxabiv120__si_class_type_info12__do_dyncastEiNS_17__class_type_info10__sub_kindEPKS1_PKvS4_S6_RNS1_16__dyncast_resultE
                0x00000000020424a0        0xc /opt/devkitpro/devkitARM/bin/../lib/gcc/arm-none-eabi/9.1.0/../../../../arm-none-eabi/lib/thumb/libstdc++.a(si_class_type_info.o)
 .ARM.extab.text._ZNSt11logic_errorC2EPKc
                0x00000000020424ac       0x14 /opt/devkitpro/devkitARM/bin/../lib/gcc/arm-none-eabi/9.1.0/../../../../arm-none-eabi/lib/thumb/libstdc++.a(cow-stdexcept.o)
 .ARM.extab.text._ZNSs4_Rep9_S_createEjjRKSaIcE
                0x00000000020424c0        0x0 /opt/devkitpro/devkitARM/bin/../lib/gcc/arm-none-eabi/9.1.0/../../../../arm-none-eabi/lib/thumb/libstdc++.a(cow-string-inst.o)
 .ARM.extab.text._ZNSs4_Rep10_M_destroyERKSaIcE
                0x00000000020424c0        0x0 /opt/devkitpro/devkitARM/bin/../lib/gcc/arm-none-eabi/9.1.0/../../../../arm-none-eabi/lib/thumb/libstdc++.a(cow-string-inst.o)
 .ARM.extab.text._ZNSs12_S_constructIPKcEEPcT_S3_RKSaIcESt20forward_iterator_tag
                0x00000000020424c0        0x0 /opt/devkitpro/devkitARM/bin/../lib/gcc/arm-none-eabi/9.1.0/../../../../arm-none-eabi/lib/thumb/libstdc++.a(cow-string-inst.o)
 .ARM.extab.text._ZNSsC2EPKcRKSaIcE
                0x00000000020424c0        0x0 /opt/devkitpro/devkitARM/bin/../lib/gcc/arm-none-eabi/9.1.0/../../../../arm-none-eabi/lib/thumb/libstdc++.a(cow-string-inst.o)
 .ARM.extab.text.unlikely.__cxa_call_unexpected
                0x00000000020424c0       0x28 /opt/devkitpro/devkitARM/bin/../lib/gcc/arm-none-eabi/9.1.0/../../../../arm-none-eabi/lib/thumb/libstdc++.a(eh_call.o)
 .ARM.extab.text.__cxa_begin_catch
                0x00000000020424e8        0xc /opt/devkitpro/devkitARM/bin/../lib/gcc/arm-none-eabi/9.1.0/../../../../arm-none-eabi/lib/thumb/libstdc++.a(eh_catch.o)
 .ARM.extab.text.unwind_phase2_forced
                0x00000000020424f4        0xc /opt/devkitpro/devkitARM/bin/../lib/gcc/arm-none-eabi/9.1.0/thumb/libgcc.a(unwind-arm.o)
 .ARM.extab.text.__gnu_unwind_pr_common
                0x0000000002042500        0xc /opt/devkitpro/devkitARM/bin/../lib/gcc/arm-none-eabi/9.1.0/thumb/libgcc.a(unwind-arm.o)
 .ARM.extab.text._Unwind_VRS_Pop
                0x000000000204250c        0xc /opt/devkitpro/devkitARM/bin/../lib/gcc/arm-none-eabi/9.1.0/thumb/libgcc.a(unwind-arm.o)
 .ARM.extab.text.__gnu_unwind_execute
                0x0000000002042518        0xc /opt/devkitpro/devkitARM/bin/../lib/gcc/arm-none-eabi/9.1.0/thumb/libgcc.a(pr-support.o)
                0x0000000002042524                __exidx_start = .

ARM.exidx       0x0000000002042524      0x1e8
 *(.ARM.exidx* .gnu.linkonce.armexidx.*)
 .ARM.exidx.text._ZdlPv
                0x0000000002042524        0x8 /opt/devkitpro/devkitARM/bin/../lib/gcc/arm-none-eabi/9.1.0/../../../../arm-none-eabi/lib/thumb/libstdc++.a(del_op.o)
 .ARM.exidx.text._Znwj
                0x000000000204252c        0x8 /opt/devkitpro/devkitARM/bin/../lib/gcc/arm-none-eabi/9.1.0/../../../../arm-none-eabi/lib/thumb/libstdc++.a(new_op.o)
 .ARM.exidx.text.unlikely._ZSt17__throw_bad_allocv
                0x0000000002042534        0x0 /opt/devkitpro/devkitARM/bin/../lib/gcc/arm-none-eabi/9.1.0/../../../../arm-none-eabi/lib/thumb/libstdc++.a(functexcept.o)
                                          0x8 (size before relaxing)
 .ARM.exidx.text.unlikely._ZSt19__throw_logic_errorPKc
                0x0000000002042534        0x8 /opt/devkitpro/devkitARM/bin/../lib/gcc/arm-none-eabi/9.1.0/../../../../arm-none-eabi/lib/thumb/libstdc++.a(functexcept.o)
 .ARM.exidx.text.unlikely._ZSt20__throw_length_errorPKc
                0x000000000204253c        0x8 /opt/devkitpro/devkitARM/bin/../lib/gcc/arm-none-eabi/9.1.0/../../../../arm-none-eabi/lib/thumb/libstdc++.a(functexcept.o)
 .ARM.exidx.text._ZNKSt9bad_alloc4whatEv
                0x0000000002042544        0x8 /opt/devkitpro/devkitARM/bin/../lib/gcc/arm-none-eabi/9.1.0/../../../../arm-none-eabi/lib/thumb/libstdc++.a(bad_alloc.o)
 .ARM.exidx.text._ZNSt9bad_allocD2Ev
                0x000000000204254c        0x0 /opt/devkitpro/devkitARM/bin/../lib/gcc/arm-none-eabi/9.1.0/../../../../arm-none-eabi/lib/thumb/libstdc++.a(bad_alloc.o)
                                          0x8 (size before relaxing)
 .ARM.exidx.text._ZNSt9bad_allocD0Ev
                0x000000000204254c        0x0 /opt/devkitpro/devkitARM/bin/../lib/gcc/arm-none-eabi/9.1.0/../../../../arm-none-eabi/lib/thumb/libstdc++.a(bad_alloc.o)
                                          0x8 (size before relaxing)
 .ARM.exidx.text._ZdlPvj
                0x000000000204254c        0x0 /opt/devkitpro/devkitARM/bin/../lib/gcc/arm-none-eabi/9.1.0/../../../../arm-none-eabi/lib/thumb/libstdc++.a(del_ops.o)
                                          0x8 (size before relaxing)
 .ARM.exidx.text._ZN12_GLOBAL__N_14pool4freeEPv.constprop.0
                0x000000000204254c        0x0 /opt/devkitpro/devkitARM/bin/../lib/gcc/arm-none-eabi/9.1.0/../../../../arm-none-eabi/lib/thumb/libstdc++.a(eh_alloc.o)
                                          0x8 (size before relaxing)
 .ARM.exidx.text._ZN12_GLOBAL__N_14pool8allocateEj.constprop.0
                0x000000000204254c        0x0 /opt/devkitpro/devkitARM/bin/../lib/gcc/arm-none-eabi/9.1.0/../../../../arm-none-eabi/lib/thumb/libstdc++.a(eh_alloc.o)
                                          0x8 (size before relaxing)
 .ARM.exidx.text.__cxa_allocate_exception
                0x000000000204254c        0x0 /opt/devkitpro/devkitARM/bin/../lib/gcc/arm-none-eabi/9.1.0/../../../../arm-none-eabi/lib/thumb/libstdc++.a(eh_alloc.o)
                                          0x8 (size before relaxing)
 .ARM.exidx.text.__cxa_free_exception
                0x000000000204254c        0x0 /opt/devkitpro/devkitARM/bin/../lib/gcc/arm-none-eabi/9.1.0/../../../../arm-none-eabi/lib/thumb/libstdc++.a(eh_alloc.o)